Component: ARM Compiler 5.05 update 1 (build 106) Tool: armlink [4d0efa]

==============================================================================

Section Cross References

    startup_stm32f10x_md.o(STACK) refers (Special) to heapauxi.o(.text) for __use_two_region_memory
    startup_stm32f10x_md.o(HEAP) refers (Special) to heapauxi.o(.text) for __use_two_region_memory
    startup_stm32f10x_md.o(RESET) refers (Special) to heapauxi.o(.text) for __use_two_region_memory
    startup_stm32f10x_md.o(RESET) refers to startup_stm32f10x_md.o(STACK) for __initial_sp
    startup_stm32f10x_md.o(RESET) refers to startup_stm32f10x_md.o(.text) for Reset_Handler
    startup_stm32f10x_md.o(RESET) refers to stm32f10x_it.o(i.NMI_Handler) for NMI_Handler
    startup_stm32f10x_md.o(RESET) refers to stm32f10x_it.o(i.HardFault_Handler) for HardFault_Handler
    startup_stm32f10x_md.o(RESET) refers to stm32f10x_it.o(i.MemManage_Handler) for MemManage_Handler
    startup_stm32f10x_md.o(RESET) refers to stm32f10x_it.o(i.BusFault_Handler) for BusFault_Handler
    startup_stm32f10x_md.o(RESET) refers to stm32f10x_it.o(i.UsageFault_Handler) for UsageFault_Handler
    startup_stm32f10x_md.o(RESET) refers to stm32f10x_it.o(i.SVC_Handler) for SVC_Handler
    startup_stm32f10x_md.o(RESET) refers to stm32f10x_it.o(i.DebugMon_Handler) for DebugMon_Handler
    startup_stm32f10x_md.o(RESET) refers to stm32f10x_it.o(i.PendSV_Handler) for PendSV_Handler
    startup_stm32f10x_md.o(RESET) refers to stm32f10x_it.o(i.SysTick_Handler) for SysTick_Handler
    startup_stm32f10x_md.o(.text) refers (Special) to heapauxi.o(.text) for __use_two_region_memory
    startup_stm32f10x_md.o(.text) refers to system_stm32f10x.o(i.SystemInit) for SystemInit
    startup_stm32f10x_md.o(.text) refers to __main.o(!!!main) for __main
    startup_stm32f10x_md.o(.text) refers to startup_stm32f10x_md.o(HEAP) for Heap_Mem
    startup_stm32f10x_md.o(.text) refers to startup_stm32f10x_md.o(STACK) for Stack_Mem
    system_stm32f10x.o(i.SetSysClock) refers to system_stm32f10x.o(i.SetSysClockTo72) for SetSysClockTo72
    system_stm32f10x.o(i.SystemCoreClockUpdate) refers to system_stm32f10x.o(.data) for SystemCoreClock
    system_stm32f10x.o(i.SystemInit) refers to system_stm32f10x.o(i.SetSysClock) for SetSysClock
    stm32f10x_adc.o(i.ADC_DeInit) refers to stm32f10x_rcc.o(i.RCC_APB2PeriphResetCmd) for RCC_APB2PeriphResetCmd
    stm32f10x_bkp.o(i.BKP_DeInit) refers to stm32f10x_rcc.o(i.RCC_BackupResetCmd) for RCC_BackupResetCmd
    stm32f10x_can.o(i.CAN_DeInit) refers to stm32f10x_rcc.o(i.RCC_APB1PeriphResetCmd) for RCC_APB1PeriphResetCmd
    stm32f10x_can.o(i.CAN_GetITStatus) refers to stm32f10x_can.o(i.CheckITStatus) for CheckITStatus
    stm32f10x_cec.o(i.CEC_DeInit) refers to stm32f10x_rcc.o(i.RCC_APB1PeriphResetCmd) for RCC_APB1PeriphResetCmd
    stm32f10x_dac.o(i.DAC_DeInit) refers to stm32f10x_rcc.o(i.RCC_APB1PeriphResetCmd) for RCC_APB1PeriphResetCmd
    stm32f10x_flash.o(i.FLASH_EnableWriteProtection) refers to stm32f10x_flash.o(i.FLASH_WaitForLastOperation) for FLASH_WaitForLastOperation
    stm32f10x_flash.o(i.FLASH_EraseAllBank1Pages) refers to stm32f10x_flash.o(i.FLASH_WaitForLastBank1Operation) for FLASH_WaitForLastBank1Operation
    stm32f10x_flash.o(i.FLASH_EraseAllPages) refers to stm32f10x_flash.o(i.FLASH_WaitForLastOperation) for FLASH_WaitForLastOperation
    stm32f10x_flash.o(i.FLASH_EraseOptionBytes) refers to stm32f10x_flash.o(i.FLASH_GetReadOutProtectionStatus) for FLASH_GetReadOutProtectionStatus
    stm32f10x_flash.o(i.FLASH_EraseOptionBytes) refers to stm32f10x_flash.o(i.FLASH_WaitForLastOperation) for FLASH_WaitForLastOperation
    stm32f10x_flash.o(i.FLASH_ErasePage) refers to stm32f10x_flash.o(i.FLASH_WaitForLastOperation) for FLASH_WaitForLastOperation
    stm32f10x_flash.o(i.FLASH_ProgramHalfWord) refers to stm32f10x_flash.o(i.FLASH_WaitForLastOperation) for FLASH_WaitForLastOperation
    stm32f10x_flash.o(i.FLASH_ProgramOptionByteData) refers to stm32f10x_flash.o(i.FLASH_WaitForLastOperation) for FLASH_WaitForLastOperation
    stm32f10x_flash.o(i.FLASH_ProgramWord) refers to stm32f10x_flash.o(i.FLASH_WaitForLastOperation) for FLASH_WaitForLastOperation
    stm32f10x_flash.o(i.FLASH_ReadOutProtection) refers to stm32f10x_flash.o(i.FLASH_WaitForLastOperation) for FLASH_WaitForLastOperation
    stm32f10x_flash.o(i.FLASH_UserOptionByteConfig) refers to stm32f10x_flash.o(i.FLASH_WaitForLastOperation) for FLASH_WaitForLastOperation
    stm32f10x_flash.o(i.FLASH_WaitForLastBank1Operation) refers to stm32f10x_flash.o(i.FLASH_GetBank1Status) for FLASH_GetBank1Status
    stm32f10x_flash.o(i.FLASH_WaitForLastOperation) refers to stm32f10x_flash.o(i.FLASH_GetBank1Status) for FLASH_GetBank1Status
    stm32f10x_gpio.o(i.GPIO_AFIODeInit) refers to stm32f10x_rcc.o(i.RCC_APB2PeriphResetCmd) for RCC_APB2PeriphResetCmd
    stm32f10x_gpio.o(i.GPIO_DeInit) refers to stm32f10x_rcc.o(i.RCC_APB2PeriphResetCmd) for RCC_APB2PeriphResetCmd
[...]
    ../clib/heap1.c                          0x00000000   Number         0  h1_alloc.o ABSOLUTE
    ../clib/heap1.c                          0x00000000   Number         0  h1_init.o ABSOLUTE
    ../clib/heap2.c                          0x00000000   Number         0  fdtree.o ABSOLUTE
    ../clib/heap2.c                          0x00000000   Number         0  heap2.o ABSOLUTE
    ../clib/heap2.c                          0x00000000   Number         0  heap2mt.o ABSOLUTE
    ../clib/heapalloc.c                      0x00000000   Number         0  hguard.o ABSOLUTE
    ../clib/heapalloc.c                      0x00000000   Number         0  term_alloc.o ABSOLUTE
    ../clib/heapalloc.c                      0x00000000   Number         0  maybetermalloc2.o ABSOLUTE
    ../clib/heapalloc.c                      0x00000000   Number         0  maybetermalloc2.o ABSOLUTE
    ../clib/heapalloc.c                      0x00000000   Number         0  maybetermalloc1.o ABSOLUTE
    ../clib/heapalloc.c                      0x00000000   Number         0  maybetermalloc1.o ABSOLUTE
    ../clib/heapalloc.c                      0x00000000   Number         0  init_alloc.o ABSOLUTE
    ../clib/heapalloc.c                      0x00000000   Number         0  free.o ABSOLUTE
    ../clib/heapalloc.c                      0x00000000   Number         0  heapstubs.o ABSOLUTE
    ../clib/heapalloc.c                      0x00000000   Number         0  malloc.o ABSOLUTE
    ../clib/heapalloc.c                      0x00000000   Number         0  hrguard.o ABSOLUTE
    ../clib/heapaux.c                        0x00000000   Number         0  heapauxi.o ABSOLUTE
    ../clib/heapaux.c                        0x00000000   Number         0  heapauxa.o ABSOLUTE
    ../clib/libinit.s                        0x00000000   Number         0  libshutdown.o ABSOLUTE
    ../clib/libinit.s                        0x00000000   Number         0  libinit.o ABSOLUTE
    ../clib/libinit.s                        0x00000000   Number         0  libshutdown2.o ABSOLUTE
    ../clib/libinit.s                        0x00000000   Number         0  libinit2.o ABSOLUTE
    ../clib/memcpset.s                       0x00000000   Number         0  rt_memcpy_v6.o ABSOLUTE
    ../clib/memcpset.s                       0x00000000   Number         0  rt_memcpy_w.o ABSOLUTE
    ../clib/memcpset.s                       0x00000000   Number         0  rt_memclr_w.o ABSOLUTE
    ../clib/printf.c                         0x00000000   Number         0  __printf_flags_ss_wp.o ABSOLUTE
    ../clib/printf.c                         0x00000000   Number         0  _printf_intcommon.o ABSOLUTE
    ../clib/printf.c                         0x00000000   Number         0  _printf_char_common.o ABSOLUTE
    ../clib/printf.c                         0x00000000   Number         0  _sputc.o ABSOLUTE
    ../clib/printf.c                         0x00000000   Number         0  _printf_char_file.o ABSOLUTE
    ../clib/printf.c                         0x00000000   Number         0  __printf_wp.o ABSOLUTE
    ../clib/printf.c                         0x00000000   Number         0  __printf_nopercent.o ABSOLUTE
    ../clib/printf.c                         0x00000000   Number         0  _printf_char_file_locked.o ABSOLUTE
    ../clib/printf.c                         0x00000000   Number         0  __2printf.o ABSOLUTE
    ../clib/printf.c                         0x00000000   Number         0  __2sprintf.o ABSOLUTE
    ../clib/printf.c                         0x00000000   Number         0  noretval__2printf.o ABSOLUTE
    ../clib/printf.c                         0x00000000   Number         0  noretval__2sprintf.o ABSOLUTE
    ../clib/printf.c                         0x00000000   Number         0  __printf.o ABSOLUTE
    ../clib/printf.c                         0x00000000   Number         0  _printf_dec.o ABSOLUTE
    ../clib/printf.c                         0x00000000   Number         0  __printf_flags.o ABSOLUTE
    ../clib/printf.c                         0x00000000   Number         0  __printf_ss.o ABSOLUTE
    ../clib/printf.c                         0x00000000   Number         0  __printf_flags_ss.o ABSOLUTE
    ../clib/printf.c                         0x00000000   Number         0  __printf_flags_wp.o ABSOLUTE
    ../clib/printf.c                         0x00000000   Number         0  __printf_ss_wp.o ABSOLUTE
    ../clib/printf_percent.s                 0x00000000   Number         0  _printf_d.o ABSOLUTE
    ../clib/printf_percent.s                 0x00000000   Number         0  _printf_percent_end.o ABSOLUTE
    ../clib/printf_percent.s                 0x00000000   Number         0  _printf_percent.o ABSOLUTE
    ../clib/signal.c                         0x00000000   Number         0  defsig_rtred_outer.o ABSOLUTE
    ../clib/signal.c                         0x00000000   Number         0  defsig_other.o ABSOLUTE
    ../clib/signal.c                         0x00000000   Number         0  __raise.o ABSOLUTE
    ../clib/signal.c                         0x00000000   Number         0  defsig_general.o ABSOLUTE
    ../clib/signal.c                         0x00000000   Number         0  defsig_fpe_inner.o ABSOLUTE
    ../clib/signal.c                         0x00000000   Number         0  defsig_rtmem_inner.o ABSOLUTE
    ../clib/signal.c                         0x00000000   Number         0  defsig_cppl_inner.o ABSOLUTE
    ../clib/signal.c                         0x00000000   Number         0  defsig_segv_inner.o ABSOLUTE
    ../clib/signal.c                         0x00000000   Number         0  defsig_abrt_inner.o ABSOLUTE
    ../clib/signal.c                         0x00000000   Number         0  defsig_exit.o ABSOLUTE
    ../clib/signal.c                         0x00000000   Number         0  defsig_stak_inner.o ABSOLUTE
    ../clib/signal.c                         0x00000000   Number         0  defsig_rtred_formal.o ABSOLUTE
    ../clib/signal.c                         0x00000000   Number         0  defsig_rtred_inner.o ABSOLUTE
    ../clib/signal.c                         0x00000000   Number         0  defsig_pvfn_inner.o ABSOLUTE
    ../clib/signal.c                         0x00000000   Number         0  defsig_rtmem_outer.o ABSOLUTE
    ../clib/signal.c                         0x00000000   Number         0  defsig_rtmem_formal.o ABSOLUTE
    ../clib/signal.s                         0x00000000   Number         0  defsig.o ABSOLUTE
    ../clib/stdio.c                          0x00000000   Number         0  fflush_locked.o ABSOLUTE
    ../clib/stdio.c                          0x00000000   Number         0  stdio_streams.o ABSOLUTE
    ../clib/stdio.c                          0x00000000   Number         0  flsbuf.o ABSOLUTE
    ../clib/stdio.c                          0x00000000   Number         0  initio.o ABSOLUTE
    ../clib/stdio.c                          0x00000000   Number         0  fopen_locked.o ABSOLUTE
    ../clib/stdio.c                          0x00000000   Number         0  setvbuf_locked.o ABSOLUTE
    ../clib/stdio.c                          0x00000000   Number         0  fclose.o ABSOLUTE
    ../clib/stdio.c                          0x00000000   Number         0  setvbuf.o ABSOLUTE
    ../clib/stdio.c                          0x00000000   Number         0  fwritefast.o ABSOLUTE
    ../clib/stdio.c                          0x00000000   Number         0  fwritefast_locked.o ABSOLUTE
    ../clib/stdio.c                          0x00000000   Number         0  ferror.o ABSOLUTE
    ../clib/stdio.c                          0x00000000   Number         0  fopen.o ABSOLUTE
    ../clib/stdio.c                          0x00000000   Number         0  fputc.o ABSOLUTE
    ../clib/stdio.c                          0x00000000   Number         0  streamlock.o ABSOLUTE
    ../clib/stdio.c                          0x00000000   Number         0  fseek.o ABSOLUTE
    ../clib/stdio.c                          0x00000000   Number         0  fflush.o ABSOLUTE
    ../clib/stdio.c                          0x00000000   Number         0  fputc_locked.o ABSOLUTE
    ../clib/stdio.c                          0x00000000   Number         0  stdio.o ABSOLUTE
    ../clib/stdio.c                          0x00000000   Number         0  ftell.o ABSOLUTE
    ../clib/stdio.c                          0x00000000   Number         0  ferror_locked.o ABSOLUTE
    ../clib/stdio.c                          0x00000000   Number         0  initio_locked.o ABSOLUTE
    ../clib/stdio.c                          0x00000000   Number         0  fputs_locked.o ABSOLUTE
    ../clib/stdio.c                          0x00000000   Number         0  fputs.o ABSOLUTE
    ../clib/stdlib.c                         0x00000000   Number         0  exit.o ABSOLUTE
    ../clib/stdlib.c                         0x00000000   Number         0  rand.o ABSOLUTE
    ../clib/stdlib.c                         0x00000000   Number         0  rand.o ABSOLUTE
    ../clib/string.c                         0x00000000   Number         0  strlen.o ABSOLUTE
    ../clib/wchar.c                          0x00000000   Number         0  flsbuf_fwide.o ABSOLUTE
    ../fplib/fpinit.s                        0x00000000   Number         0  fpinit.o ABSOLUTE
    Hardwae\AD.c                             0x00000000   Number         0  ad.o ABSOLUTE
    Hardwae\Key.c                            0x00000000   Number         0  key.o ABSOLUTE
    Hardwae\LED.c                            0x00000000   Number         0  led.o ABSOLUTE
    Hardwae\OLED.c                           0x00000000   Number         0  oled.o ABSOLUTE
    Hardwae\snake.c                          0x00000000   Number         0  snake.o ABSOLUTE
    Hardwae\stmflash.c                       0x00000000   Number         0  stmflash.o ABSOLUTE
    Library\misc.c                           0x00000000   Number         0  misc.o ABSOLUTE
    Library\stm32f10x_adc.c                  0x00000000   Number         0  stm32f10x_adc.o ABSOLUTE
    Library\stm32f10x_bkp.c                  0x00000000   Number         0  stm32f10x_bkp.o ABSOLUTE
    Library\stm32f10x_can.c                  0x00000000   Number         0  stm32f10x_can.o ABSOLUTE
    Library\stm32f10x_cec.c                  0x00000000   Number         0  stm32f10x_cec.o ABSOLUTE
    Library\stm32f10x_crc.c                  0x00000000   Number         0  stm32f10x_crc.o ABSOLUTE
    Library\stm32f10x_dac.c                  0x00000000   Number         0  stm32f10x_dac.o ABSOLUTE
    Library\stm32f10x_dbgmcu.c               0x00000000   Number         0  stm32f10x_dbgmcu.o ABSOLUTE
    Library\stm32f10x_dma.c                  0x00000000   Number         0  stm32f10x_dma.o ABSOLUTE
    Library\stm32f10x_exti.c                 0x00000000   Number         0  stm32f10x_exti.o ABSOLUTE
    Library\stm32f10x_flash.c                0x00000000   Number         0  stm32f10x_flash.o ABSOLUTE
    Library\stm32f10x_fsmc.c                 0x00000000   Number         0  stm32f10x_fsmc.o ABSOLUTE
    Library\stm32f10x_gpio.c                 0x00000000   Number         0  stm32f10x_gpio.o ABSOLUTE
    Library\stm32f10x_i2c.c                  0x00000000   Number         0  stm32f10x_i2c.o ABSOLUTE
    Library\stm32f10x_iwdg.c                 0x00000000   Number         0  stm32f10x_iwdg.o ABSOLUTE
    Library\stm32f10x_pwr.c                  0x00000000   Number         0  stm32f10x_pwr.o ABSOLUTE
    Library\stm32f10x_rcc.c                  0x00000000   Number         0  stm32f10x_rcc.o ABSOLUTE
    Library\stm32f10x_rtc.c                  0x00000000   Number         0  stm32f10x_rtc.o ABSOLUTE
    Library\stm32f10x_sdio.c                 0x00000000   Number         0  stm32f10x_sdio.o ABSOLUTE
    Library\stm32f10x_spi.c                  0x00000000   Number         0  stm32f10x_spi.o ABSOLUTE
    Library\stm32f10x_tim.c                  0x00000000   Number         0  stm32f10x_tim.o ABSOLUTE
    Library\stm32f10x_usart.c                0x00000000   Number         0  stm32f10x_usart.o ABSOLUTE
    Library\stm32f10x_wwdg.c                 0x00000000   Number         0  stm32f10x_wwdg.o ABSOLUTE
    Start\\core_cm3.c                        0x00000000   Number         0  core_cm3.o ABSOLUTE
    Start\core_cm3.c                         0x00000000   Number         0  core_cm3.o ABSOLUTE
    Start\startup_stm32f10x_md.s             0x00000000   Number         0  startup_stm32f10x_md.o ABSOLUTE
    Start\system_stm32f10x.c                 0x00000000   Number         0  system_stm32f10x.o ABSOLUTE
    System\Delay.c                           0x00000000   Number         0  delay.o ABSOLUTE
    User\main.c                              0x00000000   Number         0  main.o ABSOLUTE
    User\stm32f10x_it.c                      0x00000000   Number         0  stm32f10x_it.o ABSOLUTE
    dc.s                                     0x00000000   Number         0  dc.o ABSOLUTE
    RESET                                    0x08000000   Section      236  startup_stm32f10x_md.o(RESET)
    !!!main                                  0x080000ec   Section        8  __main.o(!!!main)
    !!!scatter                               0x080000f4   Section       52  __scatter.o(!!!scatter)
    !!dczerorl2                              0x08000128   Section       90  __dczerorl2.o(!!dczerorl2)
    !!handler_zi                             0x08000184   Section       28  __scatter_zi.o(!!handler_zi)
    .ARM.Collect$$_printf_percent$$00000000  0x080001a0   Section        0  _printf_percent.o(.ARM.Collect$$_printf_percent$$00000000)
    .ARM.Collect$$_printf_percent$$00000009  0x080001a0   Section        6  _printf_d.o(.ARM.Collect$$_printf_percent$$00000009)
    .ARM.Collect$$_printf_percent$$00000017  0x080001a6   Section        4  _printf_percent_end.o(.ARM.Collect$$_printf_percent$$00000017)
    .ARM.Collect$$libinit$$00000000          0x080001aa   Section        2  libinit.o(.ARM.Collect$$libinit$$00000000)
    .ARM.Collect$$libinit$$00000002          0x080001ac   Section        0  libinit2.o(.ARM.Collect$$libinit$$00000002)
    .ARM.Collect$$libinit$$00000004          0x080001ac   Section        0  libinit2.o(.ARM.Collect$$libinit$$00000004)
    .ARM.Collect$$libinit$$00000005          0x080001ac   Section        8  libinit2.o(.ARM.Collect$$libinit$$00000005)
    .ARM.Collect$$libinit$$0000000A          0x080001b4   Section        0  libinit2.o(.ARM.Collect$$libinit$$0000000A)
    .ARM.Collect$$libinit$$0000000C          0x080001b4   Section        0  libinit2.o(.ARM.Collect$$libinit$$0000000C)
    .ARM.Collect$$libinit$$0000000D          0x080001b4   Section        4  libinit2.o(.ARM.Collect$$libinit$$0000000D)
    .ARM.Collect$$libinit$$0000000E          0x080001b8   Section        0  libinit2.o(.ARM.Collect$$libinit$$0000000E)
    .ARM.Collect$$libinit$$00000011          0x080001b8   Section        0  libinit2.o(.ARM.Collect$$libinit$$00000011)
    .ARM.Collect$$libinit$$00000013          0x080001b8   Section        0  libinit2.o(.ARM.Collect$$libinit$$00000013)
    .ARM.Collect$$libinit$$00000015          0x080001b8   Section        0  libinit2.o(.ARM.Collect$$libinit$$00000015)
    .ARM.Collect$$libinit$$00000017          0x080001b8   Section        0  libinit2.o(.ARM.Collect$$libinit$$00000017)
    .ARM.Collect$$libinit$$00000019          0x080001b8   Section        0  libinit2.o(.ARM.Collect$$libinit$$00000019)
    .ARM.Collect$$libinit$$0000001B          0x080001b8   Section        0  libinit2.o(.ARM.Collect$$libinit$$0000001B)
    .ARM.Collect$$libinit$$0000001D          0x080001b8   Section        0  libinit2.o(.ARM.Collect$$libinit$$0000001D)
    .ARM.Collect$$libinit$$0000001F          0x080001b8   Section        0  libinit2.o(.ARM.Collect$$libinit$$0000001F)
    .ARM.Collect$$libinit$$00000021          0x080001b8   Section        0  libinit2.o(.ARM.Collect$$libinit$$00000021)
    .ARM.Collect$$libinit$$00000023          0x080001b8   Section        0  libinit2.o(.ARM.Collect$$libinit$$00000023)
    .ARM.Collect$$libinit$$00000024          0x080001b8   Section        4  libinit2.o(.ARM.Collect$$libinit$$00000024)
    .ARM.Collect$$libinit$$00000025          0x080001bc   Section        0  libinit2.o(.ARM.Collect$$libinit$$00000025)
    .ARM.Collect$$libinit$$0000002C          0x080001bc   Section        0  libinit2.o(.ARM.Collect$$libinit$$0000002C)
    .ARM.Collect$$libinit$$0000002E          0x080001bc   Section        0  libinit2.o(.ARM.Collect$$libinit$$0000002E)
    .ARM.Collect$$libinit$$00000030          0x080001bc   Section        0  libinit2.o(.ARM.Collect$$libinit$$00000030)
    .ARM.Collect$$libinit$$00000032          0x080001bc   Section        0  libinit2.o(.ARM.Collect$$libinit$$00000032)
    .ARM.Collect$$libinit$$00000033          0x080001bc   Section        2  libinit2.o(.ARM.Collect$$libinit$$00000033)
    .ARM.Collect$$libshutdown$$00000000      0x080001be   Section        2  libshutdown.o(.ARM.Collect$$libshutdown$$00000000)
    .ARM.Collect$$libshutdown$$00000002      0x080001c0   Section        4  libshutdown2.o(.ARM.Collect$$libshutdown$$00000002)
    .ARM.Collect$$libshutdown$$00000003      0x080001c4   Section        0  libshutdown2.o(.ARM.Collect$$libshutdown$$00000003)
    .ARM.Collect$$libshutdown$$00000006      0x080001c4   Section        0  libshutdown2.o(.ARM.Collect$$libshutdown$$00000006)
    .ARM.Collect$$libshutdown$$00000009      0x080001c4   Section        0  libshutdown2.o(.ARM.Collect$$libshutdown$$00000009)
    .ARM.Collect$$libshutdown$$0000000B      0x080001c4   Section        0  libshutdown2.o(.ARM.Collect$$libshutdown$$0000000B)
    .ARM.Collect$$libshutdown$$0000000E      0x080001c4   Section        0  libshutdown2.o(.ARM.Collect$$libshutdown$$0000000E)
    .ARM.Collect$$libshutdown$$0000000F      0x080001c4   Section        2  libshutdown2.o(.ARM.Collect$$libshutdown$$0000000F)
    .ARM.Collect$$rtentry$$00000000          0x080001c6   Section        0  __rtentry.o(.ARM.Collect$$rtentry$$00000000)
    .ARM.Collect$$rtentry$$00000002          0x080001c6   Section        0  __rtentry2.o(.ARM.Collect$$rtentry$$00000002)
    .ARM.Collect$$rtentry$$00000004          0x080001c6   Section        6  __rtentry4.o(.ARM.Collect$$rtentry$$00000004)
    .ARM.Collect$$rtentry$$00000009          0x080001cc   Section        0  __rtentry2.o(.ARM.Collect$$rtentry$$00000009)
    .ARM.Collect$$rtentry$$0000000A          0x080001cc   Section        4  __rtentry2.o(.ARM.Collect$$rtentry$$0000000A)
    .ARM.Collect$$rtentry$$0000000C          0x080001d0   Section        0  __rtentry2.o(.ARM.Collect$$rtentry$$0000000C)
    .ARM.Collect$$rtentry$$0000000D          0x080001d0   Section        8  __rtentry2.o(.ARM.Collect$$rtentry$$0000000D)
    .ARM.Collect$$rtexit$$00000000           0x080001d8   Section        2  rtexit.o(.ARM.Collect$$rtexit$$00000000)
    .ARM.Collect$$rtexit$$00000002           0x080001da   Section        0  rtexit2.o(.ARM.Collect$$rtexit$$00000002)
    .ARM.Collect$$rtexit$$00000003           0x080001da   Section        4  rtexit2.o(.ARM.Collect$$rtexit$$00000003)
    .ARM.Collect$$rtexit$$00000004           0x080001de   Section        6  rtexit2.o(.ARM.Collect$$rtexit$$00000004)
    .emb_text                                0x080001e4   Section       52  rand.o(.emb_text)
    .emb_text                                0x08000218   Section        0  maybetermalloc1.o(.emb_text)
    .text                                    0x08000218   Section       64  startup_stm32f10x_md.o(.text)
    .text                                    0x08000258   Section        0  noretval__2printf.o(.text)
    .text                                    0x08000270   Section        0  noretval__2sprintf.o(.text)
    .text                                    0x08000298   Section        0  __printf.o(.text)
    .text                                    0x08000300   Section        0  _printf_dec.o(.text)
    .text                                    0x08000378   Section        0  rand.o(.text)
    .text                                    0x080003b4   Section        0  heapauxi.o(.text)
    .text                                    0x080003ba   Section        0  _printf_intcommon.o(.text)
    .text                                    0x0800046c   Section        0  _printf_char_common.o(.text)
    _printf_input_char                       0x0800046d   Thumb Code    10  _printf_char_common.o(.text)
    .text                                    0x0800049c   Section        0  _sputc.o(.text)
    .text                                    0x080004a8   Section        0  _printf_char_file.o(.text)
    .text                                    0x080004cc   Section        0  ferror.o(.text)
    .text                                    0x080004d4   Section        0  initio.o(.text)
    .text                                    0x0800060c   Section        0  sys_io.o(.text)
    .text                                    0x08000672   Section       74  sys_stackheap_outer.o(.text)
    .text                                    0x080006bc   Section        0  h1_free.o(.text)
    .text                                    0x0800070a   Section        0  flsbuf.o(.text)
    .text                                    0x080008e0   Section        0  setvbuf.o(.text)
    .text                                    0x08000928   Section        0  fopen.o(.text)
    _freopen_locked                          0x08000929   Thumb Code     0  fopen.o(.text)
    .text                                    0x08000a14   Section        0  fclose.o(.text)
    .text                                    0x08000a60   Section        0  exit.o(.text)
    .text                                    0x08000a6c   Section        0  defsig_rtred_outer.o(.text)
    .text                                    0x08000a7a   Section       78  rt_memclr_w.o(.text)
    .text                                    0x08000ac8   Section        8  libspace.o(.text)
    .text                                    0x08000ad0   Section        2  use_no_semi.o(.text)
    .text                                    0x08000ad2   Section        0  indicate_semi.o(.text)
    .text                                    0x08000ad4   Section        8  rt_heap_descriptor_intlibspace.o(.text)
    .text                                    0x08000adc   Section        0  hguard.o(.text)
    .text                                    0x08000ae0   Section        0  init_alloc.o(.text)
    .text                                    0x08000b6a   Section        0  h1_alloc.o(.text)
    .text                                    0x08000bc8   Section        0  fseek.o(.text)
    .text                                    0x08000cc0   Section        0  stdio.o(.text)
    .text                                    0x08000db0   Section        0  defsig_exit.o(.text)
    .text                                    0x08000dbc   Section        0  defsig_rtred_inner.o(.text)
    .text                                    0x08000df0   Section        0  defsig_rtmem_outer.o(.text)
    .text                                    0x08000dfe   Section        0  strlen.o(.text)
    .text                                    0x08000e3c   Section        0  sys_exit.o(.text)
    .text                                    0x08000e48   Section        0  h1_init.o(.text)
    .text                                    0x08000e56   Section        0  h1_extend.o(.text)
    .text                                    0x08000e8a   Section        0  ftell.o(.text)
    .text                                    0x08000ecc   Section        0  defsig_general.o(.text)
    .text                                    0x08000f00   Section        0  defsig_rtmem_inner.o(.text)
    .text                                    0x08000f50   Section        0  sys_wrch.o(.text)
    .text                                    0x08000f60   Section        8  rt_errno_addr_intlibspace.o(.text)
    i.ADC_Cmd                                0x08000f68   Section        0  stm32f10x_adc.o(i.ADC_Cmd)
    i.ADC_DMACmd                             0x08000f7e   Section        0  stm32f10x_adc.o(i.ADC_DMACmd)
    i.ADC_GetCalibrationStatus               0x08000f94   Section        0  stm32f10x_adc.o(i.ADC_GetCalibrationStatus)
    i.ADC_GetResetCalibrationStatus          0x08000fa8   Section        0  stm32f10x_adc.o(i.ADC_GetResetCalibrationStatus)
    i.ADC_Init                               0x08000fbc   Section        0  stm32f10x_adc.o(i.ADC_Init)
    i.ADC_RegularChannelConfig               0x0800100c   Section        0  stm32f10x_adc.o(i.ADC_RegularChannelConfig)
    i.ADC_ResetCalibration                   0x080010c4   Section        0  stm32f10x_adc.o(i.ADC_ResetCalibration)
    i.ADC_SoftwareStartConvCmd               0x080010ce   Section        0  stm32f10x_adc.o(i.ADC_SoftwareStartConvCmd)
    i.ADC_StartCalibration                   0x080010e4   Section        0  stm32f10x_adc.o(i.ADC_StartCalibration)
    i.AD_Init                                0x080010f0   Section        0  ad.o(i.AD_Init)
    i.BusFault_Handler                       0x080011fc   Section        0  stm32f10x_it.o(i.BusFault_Handler)
    i.DMA_Cmd                                0x08001200   Section        0  stm32f10x_dma.o(i.DMA_Cmd)
    i.DMA_Init                               0x08001218   Section        0  stm32f10x_dma.o(i.DMA_Init)
    i.DebugMon_Handler                       0x08001254   Section        0  stm32f10x_it.o(i.DebugMon_Handler)
    i.Delay_ms                               0x08001256   Section        0  delay.o(i.Delay_ms)
    i.Delay_us                               0x0800126e   Section        0  delay.o(i.Delay_us)
    i.FLASH_ErasePage                        0x0800129c   Section        0  stm32f10x_flash.o(i.FLASH_ErasePage)
    i.FLASH_GetBank1Status                   0x080012e8   Section        0  stm32f10x_flash.o(i.FLASH_GetBank1Status)
    i.FLASH_Lock                             0x0800131c   Section        0  stm32f10x_flash.o(i.FLASH_Lock)
    i.FLASH_ProgramHalfWord                  0x08001330   Section        0  stm32f10x_flash.o(i.FLASH_ProgramHalfWord)
    i.FLASH_Unlock                           0x08001370   Section        0  stm32f10x_flash.o(i.FLASH_Unlock)
    i.FLASH_WaitForLastOperation             0x08001388   Section        0  stm32f10x_flash.o(i.FLASH_WaitForLastOperation)
    i.GPIO_Init                              0x080013ae   Section        0  stm32f10x_gpio.o(i.GPIO_Init)
    i.GPIO_ResetBits                         0x080014c4   Section        0  stm32f10x_gpio.o(i.GPIO_ResetBits)
    i.GPIO_SetBits                           0x080014c8   Section        0  stm32f10x_gpio.o(i.GPIO_SetBits)
    i.HardFault_Handler                      0x080014cc   Section        0  stm32f10x_it.o(i.HardFault_Handler)
    i.I2C_Start                              0x080014d0   Section        0  oled.o(i.I2C_Start)
    i.I2C_Stop                               0x080014f8   Section        0  oled.o(i.I2C_Stop)
    i.I2C_WaitAck                            0x08001518   Section        0  oled.o(i.I2C_WaitAck)
    i.MemManage_Handler                      0x08001530   Section        0  stm32f10x_it.o(i.MemManage_Handler)
    i.NMI_Handler                            0x08001534   Section        0  stm32f10x_it.o(i.NMI_Handler)
    i.NVIC_PriorityGroupConfig               0x08001538   Section        0  misc.o(i.NVIC_PriorityGroupConfig)
    i.OLED_Clear                             0x0800154c   Section        0  oled.o(i.OLED_Clear)
    i.OLED_ClearPoint                        0x0800157c   Section        0  oled.o(i.OLED_ClearPoint)
    i.OLED_ColorTurn                         0x080015dc   Section        0  oled.o(i.OLED_ColorTurn)
    i.OLED_DisplayTurn                       0x080015f8   Section        0  oled.o(i.OLED_DisplayTurn)
    i.OLED_DrawLine                          0x08001624   Section        0  oled.o(i.OLED_DrawLine)
    i.OLED_DrawPoint                         0x080016d4   Section        0  oled.o(i.OLED_DrawPoint)
    i.OLED_Init                              0x08001710   Section        0  oled.o(i.OLED_Init)
    i.OLED_Pow                               0x08001890   Section        0  oled.o(i.OLED_Pow)
    i.OLED_Refresh                           0x080018a8   Section        0  oled.o(i.OLED_Refresh)
    i.OLED_ShowChar                          0x080018f4   Section        0  oled.o(i.OLED_ShowChar)
    i.OLED_ShowNum                           0x080019f0   Section        0  oled.o(i.OLED_ShowNum)
    i.OLED_ShowPicture                       0x08001a64   Section        0  oled.o(i.OLED_ShowPicture)
    i.OLED_ShowString                        0x08001ac6   Section        0  oled.o(i.OLED_ShowString)
    i.OLED_UI                                0x08001b08   Section        0  main.o(i.OLED_UI)
    i.OLED_UI2                               0x08001bc4   Section        0  main.o(i.OLED_UI2)
    i.OLED_WR_BP                             0x08001c64   Section        0  oled.o(i.OLED_WR_BP)
    i.OLED_WR_Byte                           0x08001c92   Section        0  oled.o(i.OLED_WR_Byte)
    i.PendSV_Handler                         0x08001cca   Section        0  stm32f10x_it.o(i.PendSV_Handler)
    i.RCC_ADCCLKConfig                       0x08001ccc   Section        0  stm32f10x_rcc.o(i.RCC_ADCCLKConfig)
    i.RCC_AHBPeriphClockCmd                  0x08001ce4   Section        0  stm32f10x_rcc.o(i.RCC_AHBPeriphClockCmd)
    i.RCC_APB2PeriphClockCmd                 0x08001d04   Section        0  stm32f10x_rcc.o(i.RCC_APB2PeriphClockCmd)
    i.STMFLASH_Read                          0x08001d24   Section        0  stmflash.o(i.STMFLASH_Read)
    i.STMFLASH_ReadHalfWord                  0x08001d46   Section        0  stmflash.o(i.STMFLASH_ReadHalfWord)
    i.STMFLASH_Write                         0x08001d4c   Section        0  stmflash.o(i.STMFLASH_Write)
    i.STMFLASH_Write_NoCheck                 0x08001e34   Section        0  stmflash.o(i.STMFLASH_Write_NoCheck)
    i.SVC_Handler                            0x08001e5a   Section        0  stm32f10x_it.o(i.SVC_Handler)
    i.Send_Byte                              0x08001e5c   Section        0  oled.o(i.Send_Byte)
    i.SetSysClock                            0x08001ea8   Section        0  system_stm32f10x.o(i.SetSysClock)
    SetSysClock                              0x08001ea9   Thumb Code     8  system_stm32f10x.o(i.SetSysClock)
    i.SetSysClockTo72                        0x08001eb0   Section        0  system_stm32f10x.o(i.SetSysClockTo72)
    SetSysClockTo72                          0x08001eb1   Thumb Code   214  system_stm32f10x.o(i.SetSysClockTo72)
    i.SysTick_Handler                        0x08001f90   Section        0  stm32f10x_it.o(i.SysTick_Handler)
    i.SystemInit                             0x08001f94   Section        0  system_stm32f10x.o(i.SystemInit)
    i.UsageFault_Handler                     0x08001ff4   Section        0  stm32f10x_it.o(i.UsageFault_Handler)
    i.collide                                0x08001ff8   Section        0  main.o(i.collide)
    i.eat_food                               0x08002098   Section        0  main.o(i.eat_food)
    i.food                                   0x080020e8   Section        0  main.o(i.food)
    i.fputc                                  0x080021b4   Section        0  fputc.o(i.fputc)
    i.main                                   0x080021d0   Section        0  main.o(i.main)
    i.num_change                             0x08002248   Section        0  main.o(i.num_change)
    i.snake_body                             0x080022e4   Section        0  main.o(i.snake_body)
    i.snake_cleartali                        0x08002348   Section        0  main.o(i.snake_cleartali)
    i.snake_first                            0x080023ac   Section        0  main.o(i.snake_first)
    i.snake_head                             0x08002418   Section        0  main.o(i.snake_head)
    i.snake_move                             0x08002484   Section        0  main.o(i.snake_move)
    .constdata                               0x08002740   Section     6080  oled.o(.constdata)
    .constdata                               0x08003f00   Section        4  sys_io.o(.constdata)
    .constdata                               0x08003f04   Section        4  sys_io.o(.constdata)
    .constdata                               0x08003f08   Section        4  sys_io.o(.constdata)
    .data                                    0x20000000   Section        4  ad.o(.data)
    .data                                    0x20000004   Section     1220  main.o(.data)
    .data                                    0x200004c8   Section        4  stdio_streams.o(.data)
    .data                                    0x200004cc   Section        4  stdio_streams.o(.data)
    .data                                    0x200004d0   Section        4  stdio_streams.o(.data)
    .bss                                     0x200004d4   Section     1152  oled.o(.bss)
    .bss                                     0x20000954   Section     2048  stmflash.o(.bss)
    .bss                                     0x20001154   Section     8000  main.o(.bss)
    .bss                                     0x20003094   Section      228  rand.o(.bss)
    .bss                                     0x20003178   Section       84  stdio_streams.o(.bss)
    .bss                                     0x200031cc   Section       84  stdio_streams.o(.bss)
    .bss                                     0x20003220   Section       84  stdio_streams.o(.bss)
    .bss                                     0x20003274   Section       96  libspace.o(.bss)
    HEAP                                     0x200032d8   Section      512  startup_stm32f10x_md.o(HEAP)
    Heap_Mem                                 0x200032d8   Data         512  startup_stm32f10x_md.o(HEAP)
    STACK                                    0x200034d8   Section     1024  startup_stm32f10x_md.o(STACK)
    Stack_Mem                                0x200034d8   Data        1024  startup_stm32f10x_md.o(STACK)
    __initial_sp                             0x200038d8   Data           0  startup_stm32f10x_md.o(STACK)

    Global Symbols

    Symbol Name                              Value     Ov Type        Size  Object(Section)

    BuildAttributes$$THM_ISAv4$P$D$K$B$S$PE$A:L22UL41UL21$X:L11$S22US41US21$IEEE1$IW$USESV6$~STKCKD$USESV7$~SHL$OTIME$ROPI$EBA8$UX$STANDARDLIB$REQ8$PRES8$EABIv2 0x00000000   Number         0  anon$$obj.o ABSOLUTE
    __ARM_use_no_argv                        0x00000000   Number         0  main.o ABSOLUTE
    __ARM_exceptions_init                     - Undefined Weak Reference
    __alloca_initialize                       - Undefined Weak Reference
    __arm_preinit_                            - Undefined Weak Reference
    __cpp_initialize__aeabi_                  - Undefined Weak Reference
    __cxa_finalize                            - Undefined Weak Reference
    __rt_locale                               - Undefined Weak Reference
    __sigvec_lookup                           - Undefined Weak Reference
    __user_heap_extent                        - Undefined Weak Reference
    _atexit_init                              - Undefined Weak Reference
    _call_atexit_fns                          - Undefined Weak Reference
    _clock_init                               - Undefined Weak Reference
    _fp_trap_init                             - Undefined Weak Reference
    _fp_trap_shutdown                         - Undefined Weak Reference
    _get_lc_collate                           - Undefined Weak Reference
    _get_lc_ctype                             - Undefined Weak Reference
    _get_lc_monetary                          - Undefined Weak Reference
    _get_lc_numeric                           - Undefined Weak Reference
    _get_lc_time                              - Undefined Weak Reference
    _getenv_init                              - Undefined Weak Reference
    _handle_redirection                       - Undefined Weak Reference
    _mutex_acquire                            - Undefined Weak Reference
    _mutex_free                               - Undefined Weak Reference
    _mutex_release                            - Undefined Weak Reference
    _printf_post_padding                      - Undefined Weak Reference
    _printf_pre_padding                       - Undefined Weak Reference
    _printf_truncate_signed                   - Undefined Weak Reference
    _printf_truncate_unsigned                 - Undefined Weak Reference
    _signal_finish                            - Undefined Weak Reference
    _signal_init                              - Undefined Weak Reference
    __Vectors_Size                           0x000000ec   Number         0  startup_stm32f10x_md.o ABSOLUTE
    __Vectors                                0x08000000   Data           4  startup_stm32f10x_md.o(RESET)
    __Vectors_End                            0x080000ec   Data           0  startup_stm32f10x_md.o(RESET)
    __main                                   0x080000ed   Thumb Code     8  __main.o(!!!main)
    __scatterload                            0x080000f5   Thumb Code     0  __scatter.o(!!!scatter)
    __scatterload_rt2                        0x080000f5   Thumb Code    44  __scatter.o(!!!scatter)
    __scatterload_rt2_thumb_only             0x080000f5   Thumb Code     0  __scatter.o(!!!scatter)
    __scatterload_null                       0x08000103   Thumb Code     0  __scatter.o(!!!scatter)
    __decompress                             0x08000129   Thumb Code    90  __dczerorl2.o(!!dczerorl2)
    __decompress1                            0x08000129   Thumb Code     0  __dczerorl2.o(!!dczerorl2)
    __scatterload_zeroinit                   0x08000185   Thumb Code    28  __scatter_zi.o(!!handler_zi)
    _printf_d                                0x080001a1   Thumb Code     0  _printf_d.o(.ARM.Collect$$_printf_percent$$00000009)
    _printf_percent                          0x080001a1   Thumb Code     0  _printf_percent.o(.ARM.Collect$$_printf_percent$$00000000)
    _printf_percent_end                      0x080001a7   Thumb Code     0  _printf_percent_end.o(.ARM.Collect$$_printf_percent$$00000017)
    __rt_lib_init                            0x080001ab   Thumb Code     0  libinit.o(.ARM.Collect$$libinit$$00000000)
    __rt_lib_init_fp_1                       0x080001ad   Thumb Code     0  libinit2.o(.ARM.Collect$$libinit$$00000002)
    __rt_lib_init_heap_2                     0x080001ad   Thumb Code     0  libinit2.o(.ARM.Collect$$libinit$$00000005)
    __rt_lib_init_preinit_1                  0x080001ad   Thumb Code     0  libinit2.o(.ARM.Collect$$libinit$$00000004)
    __rt_lib_init_heap_1                     0x080001b5   Thumb Code     0  libinit2.o(.ARM.Collect$$libinit$$0000000A)
    __rt_lib_init_rand_2                     0x080001b5   Thumb Code     0  libinit2.o(.ARM.Collect$$libinit$$0000000D)
    __rt_lib_init_user_alloc_1               0x080001b5   Thumb Code     0  libinit2.o(.ARM.Collect$$libinit$$0000000C)
    __rt_lib_init_atexit_1                   0x080001b9   Thumb Code     0  libinit2.o(.ARM.Collect$$libinit$$0000001B)
    __rt_lib_init_clock_1                    0x080001b9   Thumb Code     0  libinit2.o(.ARM.Collect$$libinit$$00000021)
    __rt_lib_init_fp_trap_1                  0x080001b9   Thumb Code     0  libinit2.o(.ARM.Collect$$libinit$$0000001F)
    __rt_lib_init_getenv_1                   0x080001b9   Thumb Code     0  libinit2.o(.ARM.Collect$$libinit$$00000023)
    __rt_lib_init_lc_collate_1               0x080001b9   Thumb Code     0  libinit2.o(.ARM.Collect$$libinit$$00000011)
    __rt_lib_init_lc_ctype_1                 0x080001b9   Thumb Code     0  libinit2.o(.ARM.Collect$$libinit$$00000013)
    __rt_lib_init_lc_monetary_1              0x080001b9   Thumb Code     0  libinit2.o(.ARM.Collect$$libinit$$00000015)
    __rt_lib_init_lc_numeric_1               0x080001b9   Thumb Code     0  libinit2.o(.ARM.Collect$$libinit$$00000017)
    __rt_lib_init_lc_time_1                  0x080001b9   Thumb Code     0  libinit2.o(.ARM.Collect$$libinit$$00000019)
    __rt_lib_init_rand_1                     0x080001b9   Thumb Code     0  libinit2.o(.ARM.Collect$$libinit$$0000000E)
    __rt_lib_init_signal_1                   0x080001b9   Thumb Code     0  libinit2.o(.ARM.Collect$$libinit$$0000001D)
    __rt_lib_init_stdio_2                    0x080001b9   Thumb Code     0  libinit2.o(.ARM.Collect$$libinit$$00000024)
    __rt_lib_init_alloca_1                   0x080001bd   Thumb Code     0  libinit2.o(.ARM.Collect$$libinit$$0000002E)
    __rt_lib_init_argv_1                     0x080001bd   Thumb Code     0  libinit2.o(.ARM.Collect$$libinit$$0000002C)
    __rt_lib_init_cpp_1                      0x080001bd   Thumb Code     0  libinit2.o(.ARM.Collect$$libinit$$00000032)
    __rt_lib_init_exceptions_1               0x080001bd   Thumb Code     0  libinit2.o(.ARM.Collect$$libinit$$00000030)
    __rt_lib_init_return                     0x080001bd   Thumb Code     0  libinit2.o(.ARM.Collect$$libinit$$00000033)
    __rt_lib_init_stdio_1                    0x080001bd   Thumb Code     0  libinit2.o(.ARM.Collect$$libinit$$00000025)
    __rt_lib_shutdown                        0x080001bf   Thumb Code     0  libshutdown.o(.ARM.Collect$$libshutdown$$00000000)
    __rt_lib_shutdown_stdio_2                0x080001c1   Thumb Code     0  libshutdown2.o(.ARM.Collect$$libshutdown$$00000002)
    __rt_lib_shutdown_fp_trap_1              0x080001c5   Thumb Code     0  libshutdown2.o(.ARM.Collect$$libshutdown$$00000006)
    __rt_lib_shutdown_heap_1                 0x080001c5   Thumb Code     0  libshutdown2.o(.ARM.Collect$$libshutdown$$0000000E)
    __rt_lib_shutdown_return                 0x080001c5   Thumb Code     0  libshutdown2.o(.ARM.Collect$$libshutdown$$0000000F)
    __rt_lib_shutdown_signal_1               0x080001c5   Thumb Code     0  libshutdown2.o(.ARM.Collect$$libshutdown$$00000009)
    __rt_lib_shutdown_stdio_1                0x080001c5   Thumb Code     0  libshutdown2.o(.ARM.Collect$$libshutdown$$00000003)
    __rt_lib_shutdown_user_alloc_1           0x080001c5   Thumb Code     0  libshutdown2.o(.ARM.Collect$$libshutdown$$0000000B)
    __rt_entry                               0x080001c7   Thumb Code     0  __rtentry.o(.ARM.Collect$$rtentry$$00000000)
    __rt_entry_presh_1                       0x080001c7   Thumb Code     0  __rtentry2.o(.ARM.Collect$$rtentry$$00000002)
    __rt_entry_sh                            0x080001c7   Thumb Code     0  __rtentry4.o(.ARM.Collect$$rtentry$$00000004)
    __rt_entry_li                            0x080001cd   Thumb Code     0  __rtentry2.o(.ARM.Collect$$rtentry$$0000000A)
    __rt_entry_postsh_1                      0x080001cd   Thumb Code     0  __rtentry2.o(.ARM.Collect$$rtentry$$00000009)
    __rt_entry_main                          0x080001d1   Thumb Code     0  __rtentry2.o(.ARM.Collect$$rtentry$$0000000D)
    __rt_entry_postli_1                      0x080001d1   Thumb Code     0  __rtentry2.o(.ARM.Collect$$rtentry$$0000000C)
    __rt_exit                                0x080001d9   Thumb Code     0  rtexit.o(.ARM.Collect$$rtexit$$00000000)
    __rt_exit_ls                             0x080001db   Thumb Code     0  rtexit2.o(.ARM.Collect$$rtexit$$00000003)
    __rt_exit_prels_1                        0x080001db   Thumb Code     0  rtexit2.o(.ARM.Collect$$rtexit$$00000002)
    __rt_exit_exit                           0x080001df   Thumb Code     0  rtexit2.o(.ARM.Collect$$rtexit$$00000004)
    rand                                     0x080001e5   Thumb Code    48  rand.o(.emb_text)
    Reset_Handler                            0x08000219   Thumb Code     8  startup_stm32f10x_md.o(.text)
    _maybe_terminate_alloc                   0x08000219   Thumb Code     0  maybetermalloc1.o(.emb_text)
    ADC1_2_IRQHandler                        0x08000233   Thumb Code     0  startup_stm32f10x_md.o(.text)
    CAN1_RX1_IRQHandler                      0x08000233   Thumb Code     0  startup_stm32f10x_md.o(.text)
    CAN1_SCE_IRQHandler                      0x08000233   Thumb Code     0  startup_stm32f10x_md.o(.text)
    DMA1_Channel1_IRQHandler                 0x08000233   Thumb Code     0  startup_stm32f10x_md.o(.text)
    DMA1_Channel2_IRQHandler                 0x08000233   Thumb Code     0  startup_stm32f10x_md.o(.text)
    DMA1_Channel3_IRQHandler                 0x08000233   Thumb Code     0  startup_stm32f10x_md.o(.text)
    DMA1_Channel4_IRQHandler                 0x08000233   Thumb Code     0  startup_stm32f10x_md.o(.text)
    DMA1_Channel5_IRQHandler                 0x08000233   Thumb Code     0  startup_stm32f10x_md.o(.text)
    DMA1_Channel6_IRQHandler                 0x08000233   Thumb Code     0  startup_stm32f10x_md.o(.text)
    DMA1_Channel7_IRQHandler                 0x08000233   Thumb Code     0  startup_stm32f10x_md.o(.text)
    EXTI0_IRQHandler                         0x08000233   Thumb Code     0  startup_stm32f10x_md.o(.text)
    EXTI15_10_IRQHandler                     0x08000233   Thumb Code     0  startup_stm32f10x_md.o(.text)
    EXTI1_IRQHandler                         0x08000233   Thumb Code     0  startup_stm32f10x_md.o(.text)
    EXTI2_IRQHandler                         0x08000233   Thumb Code     0  startup_stm32f10x_md.o(.text)
    EXTI3_IRQHandler                         0x08000233   Thumb Code     0  startup_stm32f10x_md.o(.text)
    EXTI4_IRQHandler                         0x08000233   Thumb Code     0  startup_stm32f10x_md.o(.text)
    EXTI9_5_IRQHandler                       0x08000233   Thumb Code     0  startup_stm32f10x_md.o(.text)
    FLASH_IRQHandler                         0x08000233   Thumb Code     0  startup_stm32f10x_md.o(.text)
    I2C1_ER_IRQHandler                       0x08000233   Thumb Code     0  startup_stm32f10x_md.o(.text)
    I2C1_EV_IRQHandler                       0x08000233   Thumb Code     0  startup_stm32f10x_md.o(.text)
    I2C2_ER_IRQHandler                       0x08000233   Thumb Code     0  startup_stm32f10x_md.o(.text)
    I2C2_EV_IRQHandler                       0x08000233   Thumb Code     0  startup_stm32f10x_md.o(.text)
    PVD_IRQHandler                           0x08000233   Thumb Code     0  startup_stm32f10x_md.o(.text)
    RCC_IRQHandler                           0x08000233   Thumb Code     0  startup_stm32f10x_md.o(.text)
    RTCAlarm_IRQHandler                      0x08000233   Thumb Code     0  startup_stm32f10x_md.o(.text)
    RTC_IRQHandler                           0x08000233   Thumb Code     0  startup_stm32f10x_md.o(.text)
    SPI1_IRQHandler                          0x08000233   Thumb Code     0  startup_stm32f10x_md.o(.text)
    SPI2_IRQHandler                          0x08000233   Thumb Code     0  startup_stm32f10x_md.o(.text)
    TAMPER_IRQHandler                        0x08000233   Thumb Code     0  startup_stm32f10x_md.o(.text)
    TIM1_BRK_IRQHandler                      0x08000233   Thumb Code     0  startup_stm32f10x_md.o(.text)
    TIM1_CC_IRQHandler                       0x08000233   Thumb Code     0  startup_stm32f10x_md.o(.text)
    TIM1_TRG_COM_IRQHandler                  0x08000233   Thumb Code     0  startup_stm32f10x_md.o(.text)
    TIM1_UP_IRQHandler                       0x08000233   Thumb Code     0  startup_stm32f10x_md.o(.text)
    TIM2_IRQHandler                          0x08000233   Thumb Code     0  startup_stm32f10x_md.o(.text)
    TIM3_IRQHandler                          0x08000233   Thumb Code     0  startup_stm32f10x_md.o(.text)
    TIM4_IRQHandler                          0x08000233   Thumb Code     0  startup_stm32f10x_md.o(.text)
    USART1_IRQHandler                        0x08000233   Thumb Code     0  startup_stm32f10x_md.o(.text)
    USART2_IRQHandler                        0x08000233   Thumb Code     0  startup_stm32f10x_md.o(.text)
    USART3_IRQHandler                        0x08000233   Thumb Code     0  startup_stm32f10x_md.o(.text)
    USBWakeUp_IRQHandler                     0x08000233   Thumb Code     0  startup_stm32f10x_md.o(.text)
    USB_HP_CAN1_TX_IRQHandler                0x08000233   Thumb Code     0  startup_stm32f10x_md.o(.text)
    USB_LP_CAN1_RX0_IRQHandler               0x08000233   Thumb Code     0  startup_stm32f10x_md.o(.text)
    WWDG_IRQHandler                          0x08000233   Thumb Code     0  startup_stm32f10x_md.o(.text)
    __user_initial_stackheap                 0x08000235   Thumb Code     0  startup_stm32f10x_md.o(.text)
    __2printf                                0x08000259   Thumb Code    20  noretval__2printf.o(.text)
    __2sprintf                               0x08000271   Thumb Code    34  noretval__2sprintf.o(.text)
    __printf                                 0x08000299   Thumb Code   104  __printf.o(.text)
    _printf_int_dec                          0x08000301   Thumb Code   104  _printf_dec.o(.text)
    srand                                    0x08000379   Thumb Code    42  rand.o(.text)
    _rand_init                               0x080003a3   Thumb Code     4  rand.o(.text)
    __use_two_region_memory                  0x080003b5   Thumb Code     2  heapauxi.o(.text)
    __rt_heap_escrow                         0x080003b7   Thumb Code     2  heapauxi.o(.text)
    __rt_heap_expand                         0x080003b9   Thumb Code     2  heapauxi.o(.text)
    _printf_int_common                       0x080003bb   Thumb Code   178  _printf_intcommon.o(.text)
    _printf_char_common                      0x08000477   Thumb Code    32  _printf_char_common.o(.text)
    _sputc                                   0x0800049d   Thumb Code    10  _sputc.o(.text)
    _printf_char_file                        0x080004a9   Thumb Code    32  _printf_char_file.o(.text)
    ferror                                   0x080004cd   Thumb Code     8  ferror.o(.text)
    _initio                                  0x080004d5   Thumb Code   210  initio.o(.text)
    _terminateio                             0x080005a7   Thumb Code    56  initio.o(.text)
    _sys_open                                0x0800060d   Thumb Code    20  sys_io.o(.text)
    _sys_close                               0x08000621   Thumb Code    12  sys_io.o(.text)
    _sys_write                               0x0800062d   Thumb Code    16  sys_io.o(.text)
    _sys_read                                0x0800063d   Thumb Code    14  sys_io.o(.text)
    _sys_istty                               0x0800064b   Thumb Code    12  sys_io.o(.text)
    _sys_seek                                0x08000657   Thumb Code    14  sys_io.o(.text)
    _sys_ensure                              0x08000665   Thumb Code     2  sys_io.o(.text)
    _sys_flen                                0x08000667   Thumb Code    12  sys_io.o(.text)
    __user_setup_stackheap                   0x08000673   Thumb Code    74  sys_stackheap_outer.o(.text)
    free                                     0x080006bd   Thumb Code    78  h1_free.o(.text)
    __flsbuf                                 0x0800070b   Thumb Code   470  flsbuf.o(.text)
    __flsbuf_byte                            0x0800070b   Thumb Code     0  flsbuf.o(.text)
    __flsbuf_wide                            0x0800070b   Thumb Code     0  flsbuf.o(.text)
    setvbuf                                  0x080008e1   Thumb Code    70  setvbuf.o(.text)
    freopen                                  0x08000929   Thumb Code   158  fopen.o(.text)
    fopen                                    0x080009c7   Thumb Code    74  fopen.o(.text)
    _fclose_internal                         0x08000a15   Thumb Code    76  fclose.o(.text)
    fclose                                   0x08000a15   Thumb Code     0  fclose.o(.text)
    exit                                     0x08000a61   Thumb Code    12  exit.o(.text)
    __rt_SIGRTRED                            0x08000a6d   Thumb Code    14  defsig_rtred_outer.o(.text)
    __aeabi_memclr4                          0x08000a7b   Thumb Code     0  rt_memclr_w.o(.text)
    __aeabi_memclr8                          0x08000a7b   Thumb Code     0  rt_memclr_w.o(.text)
    __rt_memclr_w                            0x08000a7b   Thumb Code    78  rt_memclr_w.o(.text)
    _memset_w                                0x08000a7f   Thumb Code     0  rt_memclr_w.o(.text)
    __user_libspace                          0x08000ac9   Thumb Code     8  libspace.o(.text)
    __user_perproc_libspace                  0x08000ac9   Thumb Code     0  libspace.o(.text)
    __user_perthread_libspace                0x08000ac9   Thumb Code     0  libspace.o(.text)
    __I$use$semihosting                      0x08000ad1   Thumb Code     0  use_no_semi.o(.text)
    __use_no_semihosting_swi                 0x08000ad1   Thumb Code     2  use_no_semi.o(.text)
    __semihosting_library_function           0x08000ad3   Thumb Code     0  indicate_semi.o(.text)
    __rt_heap_descriptor                     0x08000ad5   Thumb Code     8  rt_heap_descriptor_intlibspace.o(.text)
    __use_no_heap                            0x08000add   Thumb Code     2  hguard.o(.text)
    __heap$guard                             0x08000adf   Thumb Code     2  hguard.o(.text)
    _terminate_user_alloc                    0x08000ae1   Thumb Code     2  init_alloc.o(.text)
    _init_user_alloc                         0x08000ae3   Thumb Code     2  init_alloc.o(.text)
    __Heap_Full                              0x08000ae5   Thumb Code    34  init_alloc.o(.text)
    __Heap_Broken                            0x08000b07   Thumb Code     6  init_alloc.o(.text)
    _init_alloc                              0x08000b0d   Thumb Code    94  init_alloc.o(.text)
    malloc                                   0x08000b6b   Thumb Code    94  h1_alloc.o(.text)
    _fseek                                   0x08000bc9   Thumb Code   242  fseek.o(.text)
    fseek                                    0x08000bc9   Thumb Code     0  fseek.o(.text)
    _seterr                                  0x08000cc1   Thumb Code    20  stdio.o(.text)
    _writebuf                                0x08000cd5   Thumb Code    84  stdio.o(.text)
    _fflush                                  0x08000d29   Thumb Code    70  stdio.o(.text)
    _deferredlazyseek                        0x08000d6f   Thumb Code    60  stdio.o(.text)
    __sig_exit                               0x08000db1   Thumb Code    10  defsig_exit.o(.text)
    __rt_SIGRTRED_inner                      0x08000dbd   Thumb Code    14  defsig_rtred_inner.o(.text)
    __rt_SIGRTMEM                            0x08000df1   Thumb Code    14  defsig_rtmem_outer.o(.text)
    strlen                                   0x08000dff   Thumb Code    62  strlen.o(.text)
    _sys_exit                                0x08000e3d   Thumb Code     8  sys_exit.o(.text)
    __Heap_Initialize                        0x08000e49   Thumb Code    10  h1_init.o(.text)
    __Heap_DescSize                          0x08000e53   Thumb Code     4  h1_init.o(.text)
    __Heap_ProvideMemory                     0x08000e57   Thumb Code    52  h1_extend.o(.text)
    _ftell_internal                          0x08000e8b   Thumb Code    66  ftell.o(.text)
    ftell                                    0x08000e8b   Thumb Code     0  ftell.o(.text)
    __default_signal_display                 0x08000ecd   Thumb Code    50  defsig_general.o(.text)
    __rt_SIGRTMEM_inner                      0x08000f01   Thumb Code    22  defsig_rtmem_inner.o(.text)
    _ttywrch                                 0x08000f51   Thumb Code    14  sys_wrch.o(.text)
    __aeabi_errno_addr                       0x08000f61   Thumb Code     8  rt_errno_addr_intlibspace.o(.text)
    __errno$intlibspace                      0x08000f61   Thumb Code     0  rt_errno_addr_intlibspace.o(.text)
    __rt_errno_addr$intlibspace              0x08000f61   Thumb Code     0  rt_errno_addr_intlibspace.o(.text)
    ADC_Cmd                                  0x08000f69   Thumb Code    22  stm32f10x_adc.o(i.ADC_Cmd)
    ADC_DMACmd                               0x08000f7f   Thumb Code    22  stm32f10x_adc.o(i.ADC_DMACmd)
    ADC_GetCalibrationStatus                 0x08000f95   Thumb Code    20  stm32f10x_adc.o(i.ADC_GetCalibrationStatus)
    ADC_GetResetCalibrationStatus            0x08000fa9   Thumb Code    20  stm32f10x_adc.o(i.ADC_GetResetCalibrationStatus)
    ADC_Init                                 0x08000fbd   Thumb Code    70  stm32f10x_adc.o(i.ADC_Init)
    ADC_RegularChannelConfig                 0x0800100d   Thumb Code   184  stm32f10x_adc.o(i.ADC_RegularChannelConfig)
    ADC_ResetCalibration                     0x080010c5   Thumb Code    10  stm32f10x_adc.o(i.ADC_ResetCalibration)
    ADC_SoftwareStartConvCmd                 0x080010cf   Thumb Code    22  stm32f10x_adc.o(i.ADC_SoftwareStartConvCmd)
    ADC_StartCalibration                     0x080010e5   Thumb Code    10  stm32f10x_adc.o(i.ADC_StartCalibration)
    AD_Init                                  0x080010f1   Thumb Code   250  ad.o(i.AD_Init)
    BusFault_Handler                         0x080011fd   Thumb Code     4  stm32f10x_it.o(i.BusFault_Handler)
    DMA_Cmd                                  0x08001201   Thumb Code    24  stm32f10x_dma.o(i.DMA_Cmd)
    DMA_Init                                 0x08001219   Thumb Code    60  stm32f10x_dma.o(i.DMA_Init)
    DebugMon_Handler                         0x08001255   Thumb Code     2  stm32f10x_it.o(i.DebugMon_Handler)
    Delay_ms                                 0x08001257   Thumb Code    24  delay.o(i.Delay_ms)
    Delay_us                                 0x0800126f   Thumb Code    46  delay.o(i.Delay_us)
    FLASH_ErasePage                          0x0800129d   Thumb Code    72  stm32f10x_flash.o(i.FLASH_ErasePage)
    FLASH_GetBank1Status                     0x080012e9   Thumb Code    48  stm32f10x_flash.o(i.FLASH_GetBank1Status)
    FLASH_Lock                               0x0800131d   Thumb Code    14  stm32f10x_flash.o(i.FLASH_Lock)
    FLASH_ProgramHalfWord                    0x08001331   Thumb Code    60  stm32f10x_flash.o(i.FLASH_ProgramHalfWord)
    FLASH_Unlock                             0x08001371   Thumb Code    12  stm32f10x_flash.o(i.FLASH_Unlock)
    FLASH_WaitForLastOperation               0x08001389   Thumb Code    38  stm32f10x_flash.o(i.FLASH_WaitForLastOperation)
    GPIO_Init                                0x080013af   Thumb Code   278  stm32f10x_gpio.o(i.GPIO_Init)
    GPIO_ResetBits                           0x080014c5   Thumb Code     4  stm32f10x_gpio.o(i.GPIO_ResetBits)
    GPIO_SetBits                             0x080014c9   Thumb Code     4  stm32f10x_gpio.o(i.GPIO_SetBits)
    HardFault_Handler                        0x080014cd   Thumb Code     4  stm32f10x_it.o(i.HardFault_Handler)
    I2C_Start                                0x080014d1   Thumb Code    36  oled.o(i.I2C_Start)
    I2C_Stop                                 0x080014f9   Thumb Code    28  oled.o(i.I2C_Stop)
    I2C_WaitAck                              0x08001519   Thumb Code    20  oled.o(i.I2C_WaitAck)
    MemManage_Handler                        0x08001531   Thumb Code     4  stm32f10x_it.o(i.MemManage_Handler)
    NMI_Handler                              0x08001535   Thumb Code     2  stm32f10x_it.o(i.NMI_Handler)
    NVIC_PriorityGroupConfig                 0x08001539   Thumb Code    10  misc.o(i.NVIC_PriorityGroupConfig)
    OLED_Clear                               0x0800154d   Thumb Code    42  oled.o(i.OLED_Clear)
    OLED_ClearPoint                          0x0800157d   Thumb Code    90  oled.o(i.OLED_ClearPoint)
    OLED_ColorTurn                           0x080015dd   Thumb Code    28  oled.o(i.OLED_ColorTurn)
    OLED_DisplayTurn                         0x080015f9   Thumb Code    44  oled.o(i.OLED_DisplayTurn)
    OLED_DrawLine                            0x08001625   Thumb Code   176  oled.o(i.OLED_DrawLine)
    OLED_DrawPoint                           0x080016d5   Thumb Code    54  oled.o(i.OLED_DrawPoint)
    OLED_Init                                0x08001711   Thumb Code   376  oled.o(i.OLED_Init)
    OLED_Pow                                 0x08001891   Thumb Code    22  oled.o(i.OLED_Pow)
    OLED_Refresh                             0x080018a9   Thumb Code    70  oled.o(i.OLED_Refresh)
    OLED_ShowChar                            0x080018f5   Thumb Code   240  oled.o(i.OLED_ShowChar)
    OLED_ShowNum                             0x080019f1   Thumb Code   116  oled.o(i.OLED_ShowNum)
    OLED_ShowPicture                         0x08001a65   Thumb Code    98  oled.o(i.OLED_ShowPicture)
    OLED_ShowString                          0x08001ac7   Thumb Code    66  oled.o(i.OLED_ShowString)
    OLED_UI                                  0x08001b09   Thumb Code   156  main.o(i.OLED_UI)
    OLED_UI2                                 0x08001bc5   Thumb Code   110  main.o(i.OLED_UI2)
    OLED_WR_BP                               0x08001c65   Thumb Code    46  oled.o(i.OLED_WR_BP)
    OLED_WR_Byte                             0x08001c93   Thumb Code    56  oled.o(i.OLED_WR_Byte)
    PendSV_Handler                           0x08001ccb   Thumb Code     2  stm32f10x_it.o(i.PendSV_Handler)
    RCC_ADCCLKConfig                         0x08001ccd   Thumb Code    18  stm32f10x_rcc.o(i.RCC_ADCCLKConfig)
    RCC_AHBPeriphClockCmd                    0x08001ce5   Thumb Code    26  stm32f10x_rcc.o(i.RCC_AHBPeriphClockCmd)
    RCC_APB2PeriphClockCmd                   0x08001d05   Thumb Code    26  stm32f10x_rcc.o(i.RCC_APB2PeriphClockCmd)
    STMFLASH_Read                            0x08001d25   Thumb Code    34  stmflash.o(i.STMFLASH_Read)
    STMFLASH_ReadHalfWord                    0x08001d47   Thumb Code     6  stmflash.o(i.STMFLASH_ReadHalfWord)
    STMFLASH_Write                           0x08001d4d   Thumb Code   222  stmflash.o(i.STMFLASH_Write)
    STMFLASH_Write_NoCheck                   0x08001e35   Thumb Code    38  stmflash.o(i.STMFLASH_Write_NoCheck)
    SVC_Handler                              0x08001e5b   Thumb Code     2  stm32f10x_it.o(i.SVC_Handler)
    Send_Byte                                0x08001e5d   Thumb Code    70  oled.o(i.Send_Byte)
    SysTick_Handler                          0x08001f91   Thumb Code     2  stm32f10x_it.o(i.SysTick_Handler)
    SystemInit                               0x08001f95   Thumb Code    78  system_stm32f10x.o(i.SystemInit)
    UsageFault_Handler                       0x08001ff5   Thumb Code     4  stm32f10x_it.o(i.UsageFault_Handler)
    collide                                  0x08001ff9   Thumb Code   138  main.o(i.collide)
    eat_food                                 0x08002099   Thumb Code    54  main.o(i.eat_food)
    food                                     0x080020e9   Thumb Code   178  main.o(i.food)
    fputc                                    0x080021b5   Thumb Code    26  fputc.o(i.fputc)
    main                                     0x080021d1   Thumb Code   112  main.o(i.main)
    num_change                               0x08002249   Thumb Code   146  main.o(i.num_change)
    snake_body                               0x080022e5   Thumb Code   100  main.o(i.snake_body)
    snake_cleartali                          0x08002349   Thumb Code   100  main.o(i.snake_cleartali)
    snake_first                              0x080023ad   Thumb Code    92  main.o(i.snake_first)
    snake_head                               0x08002419   Thumb Code   108  main.o(i.snake_head)
    snake_move                               0x08002485   Thumb Code   654  main.o(i.snake_move)
    asc2_1206                                0x08002740   Data        1140  oled.o(.constdata)
    asc2_1608                                0x08002bb4   Data        1520  oled.o(.constdata)
    asc2_2412                                0x080031a4   Data        3420  oled.o(.constdata)
    __stdin_name                             0x08003f00   Data           4  sys_io.o(.constdata)
    __stdout_name                            0x08003f04   Data           4  sys_io.o(.constdata)
    __stderr_name                            0x08003f08   Data           4  sys_io.o(.constdata)
    Region$$Table$$Base                      0x08003f0c   Number         0  anon$$obj.o(Region$$Table)
    Region$$Table$$Limit                     0x08003f2c   Number         0  anon$$obj.o(Region$$Table)
    AD_Value                                 0x20000000   Data           4  ad.o(.data)
    BMP1                                     0x20000004   Data           3  main.o(.data)
    BMP2                                     0x20000007   Data        1024  main.o(.data)
    BMP3                                     0x20000407   Data          40  main.o(.data)
    BMP4                                     0x2000042f   Data         128  main.o(.data)
    teme                                     0x200004b0   Data           4  main.o(.data)
    length                                   0x200004b4   Data           4  main.o(.data)
    x1                                       0x200004b8   Data           1  main.o(.data)
    y1                                       0x200004b9   Data           1  main.o(.data)
    x                                        0x200004ba   Data           1  main.o(.data)
    y                                        0x200004bb   Data           1  main.o(.data)
    off                                      0x200004bc   Data           1  main.o(.data)
    high                                     0x200004c0   Data           4  main.o(.data)
    number                                   0x200004c4   Data           2  main.o(.data)
    datatemp                                 0x200004c6   Data           2  main.o(.data)
    __aeabi_stdin                            0x200004c8   Data           4  stdio_streams.o(.data)
    __aeabi_stdout                           0x200004cc   Data           4  stdio_streams.o(.data)
    __aeabi_stderr                           0x200004d0   Data           4  stdio_streams.o(.data)
    OLED_GRAM                                0x200004d4   Data        1152  oled.o(.bss)
    STMFLASH_BUF                             0x20000954   Data        2048  stmflash.o(.bss)
    snake_x                                  0x20001154   Data        4000  main.o(.bss)
    snake_y                                  0x200020f4   Data        4000  main.o(.bss)
    _random_number_data                      0x20003094   Data         228  rand.o(.bss)
    __stdin                                  0x20003178   Data          84  stdio_streams.o(.bss)
    __stdout                                 0x200031cc   Data          84  stdio_streams.o(.bss)
    __stderr                                 0x20003220   Data          84  stdio_streams.o(.bss)
    __libspace_start                         0x20003274   Data          96  libspace.o(.bss)
    __temporary_stack_top$libspace           0x200032d4   Data           0  libspace.o(.bss)



==============================================================================

Memory Map of the image

  Image Entry point : 0x080000ed

  Load Region LR_IROM1 (Base: 0x08000000, Size: 0x00004400, Max: 0x00010000, ABSOLUTE, COMPRESSED[0x000040f0])

    Execution Region ER_IROM1 (Base: 0x08000000, Size: 0x00003f2c, Max: 0x00010000, ABSOLUTE)

    Base Addr    Size         Type   Attr      Idx    E Section Name        Object

    0x08000000   0x000000ec   Data   RO            3    RESET               startup_stm32f10x_md.o
    0x080000ec   0x00000008   Code   RO         3727  * !!!main             c_w.l(__main.o)
    0x080000f4   0x00000034   Code   RO         4081    !!!scatter          c_w.l(__scatter.o)
    0x08000128   0x0000005a   Code   RO         4079    !!dczerorl2         c_w.l(__dczerorl2.o)
    0x08000182   0x00000002   PAD
    0x08000184   0x0000001c   Code   RO         4083    !!handler_zi        c_w.l(__scatter_zi.o)
    0x080001a0   0x00000000   Code   RO         3719    .ARM.Collect$$_printf_percent$$00000000  c_w.l(_printf_percent.o)
    0x080001a0   0x00000006   Code   RO         3718    .ARM.Collect$$_printf_percent$$00000009  c_w.l(_printf_d.o)
    0x080001a6   0x00000004   Code   RO         3738    .ARM.Collect$$_printf_percent$$00000017  c_w.l(_printf_percent_end.o)
    0x080001aa   0x00000002   Code   RO         3920    .ARM.Collect$$libinit$$00000000  c_w.l(libinit.o)
    0x080001ac   0x00000000   Code   RO         3746    .ARM.Collect$$libinit$$00000002  c_w.l(libinit2.o)
    0x080001ac   0x00000000   Code   RO         3748    .ARM.Collect$$libinit$$00000004  c_w.l(libinit2.o)
    0x080001ac   0x00000008   Code   RO         3749    .ARM.Collect$$libinit$$00000005  c_w.l(libinit2.o)
    0x080001b4   0x00000000   Code   RO         3751    .ARM.Collect$$libinit$$0000000A  c_w.l(libinit2.o)
    0x080001b4   0x00000000   Code   RO         3753    .ARM.Collect$$libinit$$0000000C  c_w.l(libinit2.o)
    0x080001b4   0x00000004   Code   RO         3754    .ARM.Collect$$libinit$$0000000D  c_w.l(libinit2.o)
    0x080001b8   0x00000000   Code   RO         3755    .ARM.Collect$$libinit$$0000000E  c_w.l(libinit2.o)
    0x080001b8   0x00000000   Code   RO         3758    .ARM.Collect$$libinit$$00000011  c_w.l(libinit2.o)
    0x080001b8   0x00000000   Code   RO         3760    .ARM.Collect$$libinit$$00000013  c_w.l(libinit2.o)
    0x080001b8   0x00000000   Code   RO         3762    .ARM.Collect$$libinit$$00000015  c_w.l(libinit2.o)
    0x080001b8   0x00000000   Code   RO         3764    .ARM.Collect$$libinit$$00000017  c_w.l(libinit2.o)
    0x080001b8   0x00000000   Code   RO         3766    .ARM.Collect$$libinit$$00000019  c_w.l(libinit2.o)
    0x080001b8   0x00000000   Code   RO         3768    .ARM.Collect$$libinit$$0000001B  c_w.l(libinit2.o)
    0x080001b8   0x00000000   Code   RO         3770    .ARM.Collect$$libinit$$0000001D  c_w.l(libinit2.o)
    0x080001b8   0x00000000   Code   RO         3772    .ARM.Collect$$libinit$$0000001F  c_w.l(libinit2.o)
    0x080001b8   0x00000000   Code   RO         3774    .ARM.Collect$$libinit$$00000021  c_w.l(libinit2.o)
    0x080001b8   0x00000000   Code   RO         3776    .ARM.Collect$$libinit$$00000023  c_w.l(libinit2.o)
    0x080001b8   0x00000004   Code   RO         3777    .ARM.Collect$$libinit$$00000024  c_w.l(libinit2.o)
    0x080001bc   0x00000000   Code   RO         3778    .ARM.Collect$$libinit$$00000025  c_w.l(libinit2.o)
    0x080001bc   0x00000000   Code   RO         3782    .ARM.Collect$$libinit$$0000002C  c_w.l(libinit2.o)
    0x080001bc   0x00000000   Code   RO         3784    .ARM.Collect$$libinit$$0000002E  c_w.l(libinit2.o)
    0x080001bc   0x00000000   Code   RO         3786    .ARM.Collect$$libinit$$00000030  c_w.l(libinit2.o)
    0x080001bc   0x00000000   Code   RO         3788    .ARM.Collect$$libinit$$00000032  c_w.l(libinit2.o)
    0x080001bc   0x00000002   Code   RO         3789    .ARM.Collect$$libinit$$00000033  c_w.l(libinit2.o)
    0x080001be   0x00000002   Code   RO         4058    .ARM.Collect$$libshutdown$$00000000  c_w.l(libshutdown.o)
    0x080001c0   0x00000004   Code   RO         3922    .ARM.Collect$$libshutdown$$00000002  c_w.l(libshutdown2.o)
    0x080001c4   0x00000000   Code   RO         3923    .ARM.Collect$$libshutdown$$00000003  c_w.l(libshutdown2.o)
    0x080001c4   0x00000000   Code   RO         3926    .ARM.Collect$$libshutdown$$00000006  c_w.l(libshutdown2.o)
    0x080001c4   0x00000000   Code   RO         3929    .ARM.Collect$$libshutdown$$00000009  c_w.l(libshutdown2.o)
    0x080001c4   0x00000000   Code   RO         3931    .ARM.Collect$$libshutdown$$0000000B  c_w.l(libshutdown2.o)
    0x080001c4   0x00000000   Code   RO         3934    .ARM.Collect$$libshutdown$$0000000E  c_w.l(libshutdown2.o)
    0x080001c4   0x00000002   Code   RO         3935    .ARM.Collect$$libshutdown$$0000000F  c_w.l(libshutdown2.o)
    0x080001c6   0x00000000   Code   RO         3729    .ARM.Collect$$rtentry$$00000000  c_w.l(__rtentry.o)
    0x080001c6   0x00000000   Code   RO         3791    .ARM.Collect$$rtentry$$00000002  c_w.l(__rtentry2.o)
    0x080001c6   0x00000006   Code   RO         3803    .ARM.Collect$$rtentry$$00000004  c_w.l(__rtentry4.o)
    0x080001cc   0x00000000   Code   RO         3793    .ARM.Collect$$rtentry$$00000009  c_w.l(__rtentry2.o)
    0x080001cc   0x00000004   Code   RO         3794    .ARM.Collect$$rtentry$$0000000A  c_w.l(__rtentry2.o)
    0x080001d0   0x00000000   Code   RO         3796    .ARM.Collect$$rtentry$$0000000C  c_w.l(__rtentry2.o)
    0x080001d0   0x00000008   Code   RO         3797    .ARM.Collect$$rtentry$$0000000D  c_w.l(__rtentry2.o)
    0x080001d8   0x00000002   Code   RO         3946    .ARM.Collect$$rtexit$$00000000  c_w.l(rtexit.o)
    0x080001da   0x00000000   Code   RO         4006    .ARM.Collect$$rtexit$$00000002  c_w.l(rtexit2.o)
    0x080001da   0x00000004   Code   RO         4007    .ARM.Collect$$rtexit$$00000003  c_w.l(rtexit2.o)
    0x080001de   0x00000006   Code   RO         4008    .ARM.Collect$$rtexit$$00000004  c_w.l(rtexit2.o)
    0x080001e4   0x00000034   Code   RO         3720    .emb_text           c_w.l(rand.o)
    0x08000218   0x00000000   Code   RO         4012    .emb_text           c_w.l(maybetermalloc1.o)
    0x08000218   0x00000040   Code   RO            4    .text               startup_stm32f10x_md.o
    0x08000258   0x00000018   Code   RO         3690    .text               c_w.l(noretval__2printf.o)
    0x08000270   0x00000028   Code   RO         3692    .text               c_w.l(noretval__2sprintf.o)
    0x08000298   0x00000068   Code   RO         3694    .text               c_w.l(__printf.o)
    0x08000300   0x00000078   Code   RO         3696    .text               c_w.l(_printf_dec.o)
    0x08000378   0x0000003c   Code   RO         3721    .text               c_w.l(rand.o)
    0x080003b4   0x00000006   Code   RO         3725    .text               c_w.l(heapauxi.o)
    0x080003ba   0x000000b2   Code   RO         3730    .text               c_w.l(_printf_intcommon.o)
    0x0800046c   0x00000030   Code   RO         3732    .text               c_w.l(_printf_char_common.o)
    0x0800049c   0x0000000a   Code   RO         3734    .text               c_w.l(_sputc.o)
    0x080004a6   0x00000002   PAD
    0x080004a8   0x00000024   Code   RO         3736    .text               c_w.l(_printf_char_file.o)
    0x080004cc   0x00000008   Code   RO         3807    .text               c_w.l(ferror.o)
    0x080004d4   0x00000138   Code   RO         3813    .text               c_w.l(initio.o)
    0x0800060c   0x00000066   Code   RO         3825    .text               c_w.l(sys_io.o)
    0x08000672   0x0000004a   Code   RO         3832    .text               c_w.l(sys_stackheap_outer.o)
    0x080006bc   0x0000004e   Code   RO         3836    .text               c_w.l(h1_free.o)
    0x0800070a   0x000001d6   Code   RO         3890    .text               c_w.l(flsbuf.o)
    0x080008e0   0x00000046   Code   RO         3892    .text               c_w.l(setvbuf.o)
    0x08000926   0x00000002   PAD
    0x08000928   0x000000ec   Code   RO         3895    .text               c_w.l(fopen.o)
    0x08000a14   0x0000004c   Code   RO         3897    .text               c_w.l(fclose.o)
    0x08000a60   0x0000000c   Code   RO         3903    .text               c_w.l(exit.o)
    0x08000a6c   0x0000000e   Code   RO         3905    .text               c_w.l(defsig_rtred_outer.o)
    0x08000a7a   0x0000004e   Code   RO         3909    .text               c_w.l(rt_memclr_w.o)
    0x08000ac8   0x00000008   Code   RO         3940    .text               c_w.l(libspace.o)
    0x08000ad0   0x00000002   Code   RO         3943    .text               c_w.l(use_no_semi.o)
    0x08000ad2   0x00000000   Code   RO         3945    .text               c_w.l(indicate_semi.o)
    0x08000ad2   0x00000002   PAD
    0x08000ad4   0x00000008   Code   RO         3953    .text               c_w.l(rt_heap_descriptor_intlibspace.o)
    0x08000adc   0x00000004   Code   RO         3955    .text               c_w.l(hguard.o)
    0x08000ae0   0x0000008a   Code   RO         3959    .text               c_w.l(init_alloc.o)
    0x08000b6a   0x0000005e   Code   RO         3965    .text               c_w.l(h1_alloc.o)
    0x08000bc8   0x000000f8   Code   RO         3981    .text               c_w.l(fseek.o)
    0x08000cc0   0x000000f0   Code   RO         3983    .text               c_w.l(stdio.o)
    0x08000db0   0x0000000a   Code   RO         3989    .text               c_w.l(defsig_exit.o)
    0x08000dba   0x00000002   PAD
    0x08000dbc   0x00000034   Code   RO         3991    .text               c_w.l(defsig_rtred_inner.o)
    0x08000df0   0x0000000e   Code   RO         3993    .text               c_w.l(defsig_rtmem_outer.o)
    0x08000dfe   0x0000003e   Code   RO         3999    .text               c_w.l(strlen.o)
    0x08000e3c   0x0000000c   Code   RO         4003    .text               c_w.l(sys_exit.o)
    0x08000e48   0x0000000e   Code   RO         4014    .text               c_w.l(h1_init.o)
    0x08000e56   0x00000034   Code   RO         4016    .text               c_w.l(h1_extend.o)
    0x08000e8a   0x00000042   Code   RO         4026    .text               c_w.l(ftell.o)
    0x08000ecc   0x00000032   Code   RO         4034    .text               c_w.l(defsig_general.o)
    0x08000efe   0x00000002   PAD
    0x08000f00   0x00000050   Code   RO         4036    .text               c_w.l(defsig_rtmem_inner.o)
    0x08000f50   0x0000000e   Code   RO         4045    .text               c_w.l(sys_wrch.o)
    0x08000f5e   0x00000002   PAD
    0x08000f60   0x00000008   Code   RO         4050    .text               c_w.l(rt_errno_addr_intlibspace.o)
    0x08000f68   0x00000016   Code   RO          202    i.ADC_Cmd           stm32f10x_adc.o
    0x08000f7e   0x00000016   Code   RO          203    i.ADC_DMACmd        stm32f10x_adc.o
    0x08000f94   0x00000014   Code   RO          210    i.ADC_GetCalibrationStatus  stm32f10x_adc.o
    0x08000fa8   0x00000014   Code   RO          216    i.ADC_GetResetCalibrationStatus  stm32f10x_adc.o
    0x08000fbc   0x00000050   Code   RO          220    i.ADC_Init          stm32f10x_adc.o
    0x0800100c   0x000000b8   Code   RO          224    i.ADC_RegularChannelConfig  stm32f10x_adc.o
    0x080010c4   0x0000000a   Code   RO          225    i.ADC_ResetCalibration  stm32f10x_adc.o
    0x080010ce   0x00000016   Code   RO          227    i.ADC_SoftwareStartConvCmd  stm32f10x_adc.o
    0x080010e4   0x0000000a   Code   RO          229    i.ADC_StartCalibration  stm32f10x_adc.o
    0x080010ee   0x00000002   PAD
    0x080010f0   0x0000010c   Code   RO         3469    i.AD_Init           ad.o
    0x080011fc   0x00000004   Code   RO         3621    i.BusFault_Handler  stm32f10x_it.o
    0x08001200   0x00000018   Code   RO          911    i.DMA_Cmd           stm32f10x_dma.o
    0x08001218   0x0000003c   Code   RO          917    i.DMA_Init          stm32f10x_dma.o
    0x08001254   0x00000002   Code   RO         3622    i.DebugMon_Handler  stm32f10x_it.o
    0x08001256   0x00000018   Code   RO         3196    i.Delay_ms          delay.o
    0x0800126e   0x0000002e   Code   RO         3198    i.Delay_us          delay.o
    0x0800129c   0x0000004c   Code   RO         1046    i.FLASH_ErasePage   stm32f10x_flash.o
    0x080012e8   0x00000034   Code   RO         1047    i.FLASH_GetBank1Status  stm32f10x_flash.o
    0x0800131c   0x00000014   Code   RO         1056    i.FLASH_Lock        stm32f10x_flash.o
    0x08001330   0x00000040   Code   RO         1059    i.FLASH_ProgramHalfWord  stm32f10x_flash.o
    0x08001370   0x00000018   Code   RO         1064    i.FLASH_Unlock      stm32f10x_flash.o
    0x08001388   0x00000026   Code   RO         1068    i.FLASH_WaitForLastOperation  stm32f10x_flash.o
    0x080013ae   0x00000116   Code   RO         1347    i.GPIO_Init         stm32f10x_gpio.o
    0x080014c4   0x00000004   Code   RO         1354    i.GPIO_ResetBits    stm32f10x_gpio.o
    0x080014c8   0x00000004   Code   RO         1355    i.GPIO_SetBits      stm32f10x_gpio.o
    0x080014cc   0x00000004   Code   RO         3623    i.HardFault_Handler  stm32f10x_it.o
    0x080014d0   0x00000028   Code   RO         3289    i.I2C_Start         oled.o
    0x080014f8   0x00000020   Code   RO         3290    i.I2C_Stop          oled.o
    0x08001518   0x00000018   Code   RO         3291    i.I2C_WaitAck       oled.o
    0x08001530   0x00000004   Code   RO         3624    i.MemManage_Handler  stm32f10x_it.o
    0x08001534   0x00000002   Code   RO         3625    i.NMI_Handler       stm32f10x_it.o
    0x08001536   0x00000002   PAD
    0x08001538   0x00000014   Code   RO          138    i.NVIC_PriorityGroupConfig  misc.o
    0x0800154c   0x00000030   Code   RO         3292    i.OLED_Clear        oled.o
    0x0800157c   0x00000060   Code   RO         3293    i.OLED_ClearPoint   oled.o
    0x080015dc   0x0000001c   Code   RO         3294    i.OLED_ColorTurn    oled.o
    0x080015f8   0x0000002c   Code   RO         3297    i.OLED_DisplayTurn  oled.o
    0x08001624   0x000000b0   Code   RO         3299    i.OLED_DrawLine     oled.o
    0x080016d4   0x0000003c   Code   RO         3300    i.OLED_DrawPoint    oled.o
    0x08001710   0x00000180   Code   RO         3301    i.OLED_Init         oled.o
    0x08001890   0x00000016   Code   RO         3302    i.OLED_Pow          oled.o
    0x080018a6   0x00000002   PAD
    0x080018a8   0x0000004c   Code   RO         3303    i.OLED_Refresh      oled.o
    0x080018f4   0x000000fc   Code   RO         3305    i.OLED_ShowChar     oled.o
    0x080019f0   0x00000074   Code   RO         3307    i.OLED_ShowNum      oled.o
    0x08001a64   0x00000062   Code   RO         3308    i.OLED_ShowPicture  oled.o
    0x08001ac6   0x00000042   Code   RO         3309    i.OLED_ShowString   oled.o
    0x08001b08   0x000000bc   Code   RO         3526    i.OLED_UI           main.o
    0x08001bc4   0x000000a0   Code   RO         3527    i.OLED_UI2          main.o
    0x08001c64   0x0000002e   Code   RO         3310    i.OLED_WR_BP        oled.o
    0x08001c92   0x00000038   Code   RO         3311    i.OLED_WR_Byte      oled.o
    0x08001cca   0x00000002   Code   RO         3626    i.PendSV_Handler    stm32f10x_it.o
    0x08001ccc   0x00000018   Code   RO         1773    i.RCC_ADCCLKConfig  stm32f10x_rcc.o
    0x08001ce4   0x00000020   Code   RO         1774    i.RCC_AHBPeriphClockCmd  stm32f10x_rcc.o
    0x08001d04   0x00000020   Code   RO         1777    i.RCC_APB2PeriphClockCmd  stm32f10x_rcc.o
    0x08001d24   0x00000022   Code   RO         3484    i.STMFLASH_Read     stmflash.o
    0x08001d46   0x00000006   Code   RO         3485    i.STMFLASH_ReadHalfWord  stmflash.o
    0x08001d4c   0x000000e8   Code   RO         3486    i.STMFLASH_Write    stmflash.o
    0x08001e34   0x00000026   Code   RO         3487    i.STMFLASH_Write_NoCheck  stmflash.o
    0x08001e5a   0x00000002   Code   RO         3627    i.SVC_Handler       stm32f10x_it.o
    0x08001e5c   0x0000004c   Code   RO         3312    i.Send_Byte         oled.o
    0x08001ea8   0x00000008   Code   RO           24    i.SetSysClock       system_stm32f10x.o
    0x08001eb0   0x000000e0   Code   RO           25    i.SetSysClockTo72   system_stm32f10x.o
    0x08001f90   0x00000002   Code   RO         3628    i.SysTick_Handler   stm32f10x_it.o
    0x08001f92   0x00000002   PAD
    0x08001f94   0x00000060   Code   RO           27    i.SystemInit        system_stm32f10x.o
    0x08001ff4   0x00000004   Code   RO         3629    i.UsageFault_Handler  stm32f10x_it.o
    0x08001ff8   0x000000a0   Code   RO         3528    i.collide           main.o
    0x08002098   0x00000050   Code   RO         3529    i.eat_food          main.o
    0x080020e8   0x000000cc   Code   RO         3530    i.food              main.o
    0x080021b4   0x0000001a   Code   RO         3810    i.fputc             c_w.l(fputc.o)
    0x080021ce   0x00000002   PAD
    0x080021d0   0x00000078   Code   RO         3531    i.main              main.o
    0x08002248   0x0000009c   Code   RO         3532    i.num_change        main.o
    0x080022e4   0x00000064   Code   RO         3533    i.snake_body        main.o
    0x08002348   0x00000064   Code   RO         3534    i.snake_cleartali   main.o
    0x080023ac   0x0000006c   Code   RO         3535    i.snake_first       main.o
    0x08002418   0x0000006c   Code   RO         3536    i.snake_head        main.o
    0x08002484   0x000002bc   Code   RO         3537    i.snake_move        main.o
    0x08002740   0x000017c0   Data   RO         3314    .constdata          oled.o
    0x08003f00   0x00000004   Data   RO         3826    .constdata          c_w.l(sys_io.o)
    0x08003f04   0x00000004   Data   RO         3827    .constdata          c_w.l(sys_io.o)
    0x08003f08   0x00000004   Data   RO         3828    .constdata          c_w.l(sys_io.o)
    0x08003f0c   0x00000020   Data   RO         4077    Region$$Table       anon$$obj.o


    Execution Region RW_IRAM1 (Base: 0x20000000, Size: 0x000038d8, Max: 0x00005000, ABSOLUTE, COMPRESSED[0x000001c4])

    Base Addr    Size         Type   Attr      Idx    E Section Name        Object

    0x20000000   0x00000004   Data   RW         3470    .data               ad.o
    0x20000004   0x000004c4   Data   RW         3539    .data               main.o
    0x200004c8   0x00000004   Data   RW         3742    .data               c_w.l(stdio_streams.o)
    0x200004cc   0x00000004   Data   RW         3743    .data               c_w.l(stdio_streams.o)
    0x200004d0   0x00000004   Data   RW         3744    .data               c_w.l(stdio_streams.o)
    0x200004d4   0x00000480   Zero   RW         3313    .bss                oled.o
    0x20000954   0x00000800   Zero   RW         3489    .bss                stmflash.o
    0x20001154   0x00001f40   Zero   RW         3538    .bss                main.o
    0x20003094   0x000000e4   Zero   RW         3722    .bss                c_w.l(rand.o)
    0x20003178   0x00000054   Zero   RW         3739    .bss                c_w.l(stdio_streams.o)
    0x200031cc   0x00000054   Zero   RW         3740    .bss                c_w.l(stdio_streams.o)
    0x20003220   0x00000054   Zero   RW         3741    .bss                c_w.l(stdio_streams.o)
    0x20003274   0x00000060   Zero   RW         3941    .bss                c_w.l(libspace.o)
    0x200032d4   0x00000004   PAD
    0x200032d8   0x00000200   Zero   RW            2    HEAP                startup_stm32f10x_md.o
    0x200034d8   0x00000400   Zero   RW            1    STACK               startup_stm32f10x_md.o


==============================================================================

Image component sizes


      Code (inc. data)   RO Data    RW Data    ZI Data      Debug   Object Name

       268         18          0          4          0       1297   ad.o
         0          0          0          0          0       4504   core_cm3.o
        70          0          0          0          0       1006   delay.o
      2184        246          0       1220       8000       8481   main.o
        20         10          0          0          0     211323   misc.o
      1740         62       6080          0       1152      13549   oled.o
        64         26        236          0       1536        864   startup_stm32f10x_md.o
       390         10          0          0          0      16505   stm32f10x_adc.o
        84          0          0          0          0      12641   stm32f10x_dma.o
       274         30          0          0          0       9814   stm32f10x_flash.o
       286          0          0          0          0      11424   stm32f10x_gpio.o
        26          0          0          0          0       4162   stm32f10x_it.o
        88         18          0          0          0       1712   stm32f10x_rcc.o
       310         10          0          0       2048       3497   stmflash.o
       328         28          0          0          0      20245   system_stm32f10x.o

    ----------------------------------------------------------------------
      6140        458       6348       1224      12736     321024   Object Totals
         0          0         32          0          0          0   (incl. Generated)
         8          0          0          0          0          0   (incl. Padding)

    ----------------------------------------------------------------------

      Code (inc. data)   RO Data    RW Data    ZI Data      Debug   Library Member Name

        90          0          0          0          0          0   __dczerorl2.o
         8          0          0          0          0         68   __main.o
       104          0          0          0          0         84   __printf.o
         0          0          0          0          0          0   __rtentry.o
        12          0          0          0          0          0   __rtentry2.o
         6          0          0          0          0          0   __rtentry4.o
        52          8          0          0          0          0   __scatter.o
        28          0          0          0          0          0   __scatter_zi.o
        48          6          0          0          0         96   _printf_char_common.o
        36          4          0          0          0         80   _printf_char_file.o
         6          0          0          0          0          0   _printf_d.o
       120         16          0          0          0         92   _printf_dec.o
       178          0          0          0          0         88   _printf_intcommon.o
         0          0          0          0          0          0   _printf_percent.o
         4          0          0          0          0          0   _printf_percent_end.o
        10          0          0          0          0         68   _sputc.o
        10          0          0          0          0         68   defsig_exit.o
        50          0          0          0          0         88   defsig_general.o
        80         58          0          0          0         76   defsig_rtmem_inner.o
        14          0          0          0          0         80   defsig_rtmem_outer.o
        52         38          0          0          0         76   defsig_rtred_inner.o
        14          0          0          0          0         80   defsig_rtred_outer.o
        12          0          0          0          0         72   exit.o
        76          0          0          0          0         88   fclose.o
         8          0          0          0          0         68   ferror.o
       470          0          0          0          0         88   flsbuf.o
       236          4          0          0          0        128   fopen.o
        26          0          0          0          0         68   fputc.o
       248          6          0          0          0         84   fseek.o
        66          0          0          0          0         76   ftell.o
        94          0          0          0          0         80   h1_alloc.o
        52          0          0          0          0         68   h1_extend.o
        78          0          0          0          0         80   h1_free.o
        14          0          0          0          0         84   h1_init.o
         6          0          0          0          0        152   heapauxi.o
         4          0          0          0          0        136   hguard.o
         0          0          0          0          0          0   indicate_semi.o
       138          0          0          0          0        168   init_alloc.o
       312         46          0          0          0        112   initio.o
         2          0          0          0          0          0   libinit.o
        18          0          0          0          0          0   libinit2.o
         2          0          0          0          0          0   libshutdown.o
         6          0          0          0          0          0   libshutdown2.o
         8          4          0          0         96         68   libspace.o
         0          0          0          0          0          0   maybetermalloc1.o
        24          4          0          0          0         84   noretval__2printf.o
        40          6          0          0          0         84   noretval__2sprintf.o
       112         18          0          0        228        160   rand.o
         8          4          0          0          0         68   rt_errno_addr_intlibspace.o
         8          4          0          0          0         68   rt_heap_descriptor_intlibspace.o
        78          0          0          0          0         80   rt_memclr_w.o
         2          0          0          0          0          0   rtexit.o
        10          0          0          0          0          0   rtexit2.o
        70          0          0          0          0         80   setvbuf.o
       240          6          0          0          0        156   stdio.o
         0          0          0         12        252          0   stdio_streams.o
        62          0          0          0          0         76   strlen.o
        12          4          0          0          0         68   sys_exit.o
       102          0         12          0          0        240   sys_io.o
        74          0          0          0          0         80   sys_stackheap_outer.o
        14          0          0          0          0         76   sys_wrch.o
         2          0          0          0          0         68   use_no_semi.o

    ----------------------------------------------------------------------
      3672        236         12         12        580       4052   Library Totals
        16          0          0          0          4          0   (incl. Padding)

    ----------------------------------------------------------------------

      Code (inc. data)   RO Data    RW Data    ZI Data      Debug   Library Name

      3656        236         12         12        576       4052   c_w.l

    ----------------------------------------------------------------------
      3672        236         12         12        580       4052   Library Totals

    ----------------------------------------------------------------------

==============================================================================


      Code (inc. data)   RO Data    RW Data    ZI Data      Debug   

      9812        694       6360       1236      13316     319248   Grand Totals
      9812        694       6360        452      13316     319248   ELF Image Totals (compressed)
      9812        694       6360        452          0          0   ROM Totals

==============================================================================

    Total RO  Size (Code + RO Data)                16172 (  15.79kB)
    Total RW  Size (RW Data + ZI Data)             14552 (  14.21kB)
    Total ROM Size (Code + RO Data + RW Data)      16624 (  16.23kB)

==============================================================================

