<html>
<body>
<pre>
<h1>µVision Build Log</h1>
<h2>Tool Versions:</h2>
IDE-Version: ¦ÌVision V5.14.0.0
Copyright (C) 2015 ARM Ltd and ARM Germany GmbH. All rights reserved.
License Information: Neolux Lee, Neoluxso, LIC=PE7DL-06TBT-EVG1R-KEKA0-FE8B8-V5HFT
 
Tool Versions:
Toolchain:       MDK-ARM Standard  Version: 5.14.0.0
Toolchain Path:  D:\Keil_v5\ARM\ARMCC\Bin
C Compiler:      Armcc.exe V5.05 update 1 (build 106)
Assembler:       Armasm.exe V5.05 update 1 (build 106)
Linker/Locator:  ArmLink.exe V5.05 update 1 (build 106)
Library Manager: ArmAr.exe V5.05 update 1 (build 106)
Hex Converter:   FromElf.exe V5.05 update 1 (build 106)
CPU DLL:         SARMCM3.DLL V5.14.0.0
Dialog DLL:      DCM.DLL V1.13.1.0
Target DLL:      Segger\JL2CM3.dll V2.99.13.0
Dialog DLL:      TCM.DLL V1.14.4.0
 
<h2>Project:</h2>
E:\Administrator\Desktop\STM32_Hanja\dsa\STM32 SPI×ÛºÏ²âÊÔ´úÂë\TFT_Demo.uvproj
Project File Date:  12/23/2022

<h2>Output:</h2>
Build target 'Target 1'
compiling main.c...
user\main.c(36): warning:  #223-D: function "delaySS" declared implicitly
        delaySS(20);
user\main.c(79): warning:  #177-D: variable "i" was declared but never referenced
  {int i;
user\main.c: 2 warnings, 0 errors
linking...
Program Size: Code=4460 RO-data=336 RW-data=44 ZI-data=516  
FromELF: creating hex file...
".\Obj\STM32-FD-FLASHLED.axf" - 0 Error(s), 2 Warning(s).
</pre>
</body>
</html>
