<html>
<body>
<pre>
<h1>礦ision Build Log</h1>
<h2>Tool Versions:</h2>
IDE-Version: μVision V5.14.0.0
Copyright (C) 2015 ARM Ltd and ARM Germany GmbH. All rights reserved.
License Information: Neolux Lee, Neoluxso, LIC=PE7DL-06TBT-EVG1R-KEKA0-FE8B8-V5HFT
 
Tool Versions:
Toolchain:       MDK-ARM Standard  Version: 5.14.0.0
Toolchain Path:  D:\Keil_v5\ARM\ARMCC\Bin
C Compiler:      Armcc.exe V5.05 update 1 (build 106)
Assembler:       Armasm.exe V5.05 update 1 (build 106)
Linker/Locator:  ArmLink.exe V5.05 update 1 (build 106)
Library Manager: ArmAr.exe V5.05 update 1 (build 106)
Hex Converter:   FromElf.exe V5.05 update 1 (build 106)
CPU DLL:         SARMCM3.DLL V5.14.0.0
Dialog DLL:      DCM.DLL V1.13.1.0
Target DLL:      Segger\JL2CM3.dll V2.99.13.0
Dialog DLL:      TCM.DLL V1.14.4.0
 
<h2>Project:</h2>
E:\Administrator\Documents\Learning\电协\STM32\MCUDEV_TFT_1.44吋_液晶屏(例程文件)\STM32F103RCT6核心板_TFT144例程\prod\USER\TFT_Demo.uvproj
Project File Date:  12/29/2022

<h2>Output:</h2>
Build target 'Target 1'
compiling ultrasonic.c...
..\HARDWARE\UTSN\ultrasonic.h(4): warning:  #1295-D: Deprecated declaration Ultrasonic_Init - give arg types
  void Ultrasonic_Init();
..\HARDWARE\UTSN\ultrasonic.c: 1 warning, 0 errors
linking...
Program Size: Code=8462 RO-data=4618 RW-data=52 ZI-data=1652  
FromELF: creating hex file...
"..\OBJ\TOUCH.axf" - 0 Error(s), 1 Warning(s).
</pre>
</body>
</html>
