<html>
<body>
<pre>
<h1>礦ision Build Log</h1>
<h2>Project:</h2>
C:\Users\me\Desktop\OLED客户资料-140509\程序例程\STM32_OLED(本店板子测试过)\MDK-Proj\STM32_OLED.uvproj
Project File Date:  06/25/2014

<h2>Output:</h2>
Rebuild target 'STM32_OLED'
compiling misc.c...
compiling stm32f10x_gpio.c...
compiling stm32f10x_i2c.c...
compiling stm32f10x_iwdg.c...
compiling stm32f10x_pwr.c...
compiling stm32f10x_rcc.c...
compiling stm32f10x_rtc.c...
compiling stm32f10x_sdio.c...
compiling stm32f10x_spi.c...
compiling stm32f10x_tim.c...
compiling stm32f10x_usart.c...
compiling stm32f10x_wwdg.c...
compiling stm32f10x_adc.c...
compiling stm32f10x_bkp.c...
compiling stm32f10x_can.c...
compiling stm32f10x_crc.c...
compiling stm32f10x_dac.c...
compiling stm32f10x_dbgmcu.c...
compiling stm32f10x_dma.c...
compiling stm32f10x_exti.c...
compiling stm32f10x_flash.c...
compiling stm32f10x_fsmc.c...
assembling startup_stm32f10x_hd.s...
compiling core_cm3.c...
compiling system_stm32f10x.c...
compiling main.c...
compiling stm32f10x_it.c...
compiling BSP_Config.c...
compiling send_DATA.c...
compiling CRC.c...
compiling oled.c...
linking...
Program Size: Code=10236 RO-data=3368 RW-data=72 ZI-data=2632  
FromELF: creating hex file...
".\STM32_OLED.axf" - 0 Errors, 0 Warning(s).
Build target 'STM32_OLED'
assembling startup_stm32f10x_hd.s...
linking...
Program Size: Code=10236 RO-data=3368 RW-data=72 ZI-data=2632  
FromELF: creating hex file...
".\STM32_OLED.axf" - 0 Errors, 0 Warning(s).
Build target 'STM32_OLED'
assembling startup_stm32f10x_hd.s...
linking...
Program Size: Code=10236 RO-data=3368 RW-data=72 ZI-data=2632  
FromELF: creating hex file...
".\STM32_OLED.axf" - 0 Errors, 0 Warning(s).
Build target 'STM32_OLED'
assembling startup_stm32f10x_hd.s...
linking...
Program Size: Code=10236 RO-data=3368 RW-data=72 ZI-data=2632  
FromELF: creating hex file...
".\STM32_OLED.axf" - 0 Errors, 0 Warning(s).
Build target 'STM32_OLED'
assembling startup_stm32f10x_hd.s...
linking...
Program Size: Code=10236 RO-data=3368 RW-data=72 ZI-data=2632  
FromELF: creating hex file...
".\STM32_OLED.axf" - 0 Errors, 0 Warning(s).
Rebuild target 'STM32_OLED'
compiling misc.c...
compiling stm32f10x_gpio.c...
compiling stm32f10x_i2c.c...
compiling stm32f10x_iwdg.c...
compiling stm32f10x_pwr.c...
compiling stm32f10x_rcc.c...
compiling stm32f10x_rtc.c...
compiling stm32f10x_sdio.c...
compiling stm32f10x_spi.c...
compiling stm32f10x_tim.c...
compiling stm32f10x_usart.c...
compiling stm32f10x_wwdg.c...
compiling stm32f10x_adc.c...
compiling stm32f10x_bkp.c...
compiling stm32f10x_can.c...
compiling stm32f10x_crc.c...
compiling stm32f10x_dac.c...
compiling stm32f10x_dbgmcu.c...
compiling stm32f10x_dma.c...
compiling stm32f10x_exti.c...
compiling stm32f10x_flash.c...
compiling stm32f10x_fsmc.c...
assembling startup_stm32f10x_hd.s...
compiling core_cm3.c...
compiling system_stm32f10x.c...
compiling main.c...
compiling stm32f10x_it.c...
compiling BSP_Config.c...
compiling send_DATA.c...
compiling CRC.c...
compiling oled.c...
linking...
Program Size: Code=10236 RO-data=3368 RW-data=72 ZI-data=2632  
FromELF: creating hex file...
".\STM32_OLED.axf" - 0 Errors, 0 Warning(s).
Load "C:\\Users\\me\\Desktop\\OLED客户资料-140509\\程序例程\\STM32_OLED(本店板子测试过)\\MDK-Proj\\STM32_OLED.axf" 
Erase Done.
Programming Done.
Verify OK.
Rebuild target 'STM32_OLED'
compiling misc.c...
compiling stm32f10x_gpio.c...
compiling stm32f10x_i2c.c...
compiling stm32f10x_iwdg.c...
compiling stm32f10x_pwr.c...
compiling stm32f10x_rcc.c...
compiling stm32f10x_rtc.c...
compiling stm32f10x_sdio.c...
compiling stm32f10x_spi.c...
compiling stm32f10x_tim.c...
compiling stm32f10x_usart.c...
compiling stm32f10x_wwdg.c...
compiling stm32f10x_adc.c...
compiling stm32f10x_bkp.c...
compiling stm32f10x_can.c...
compiling stm32f10x_crc.c...
compiling stm32f10x_dac.c...
compiling stm32f10x_dbgmcu.c...
compiling stm32f10x_dma.c...
compiling stm32f10x_exti.c...
compiling stm32f10x_flash.c...
compiling stm32f10x_fsmc.c...
assembling startup_stm32f10x_hd.s...
compiling core_cm3.c...
compiling system_stm32f10x.c...
compiling main.c...
compiling stm32f10x_it.c...
compiling BSP_Config.c...
compiling send_DATA.c...
compiling CRC.c...
compiling oled.c...
linking...
Program Size: Code=10236 RO-data=3368 RW-data=72 ZI-data=2632  
FromELF: creating hex file...
".\STM32_OLED.axf" - 0 Errors, 0 Warning(s).
Rebuild target 'STM32_OLED'
compiling misc.c...
compiling stm32f10x_gpio.c...
compiling stm32f10x_i2c.c...
compiling stm32f10x_iwdg.c...
compiling stm32f10x_pwr.c...
compiling stm32f10x_rcc.c...
compiling stm32f10x_rtc.c...
compiling stm32f10x_sdio.c...
compiling stm32f10x_spi.c...
compiling stm32f10x_tim.c...
compiling stm32f10x_usart.c...
compiling stm32f10x_wwdg.c...
compiling stm32f10x_adc.c...
compiling stm32f10x_bkp.c...
compiling stm32f10x_can.c...
compiling stm32f10x_crc.c...
compiling stm32f10x_dac.c...
compiling stm32f10x_dbgmcu.c...
compiling stm32f10x_dma.c...
compiling stm32f10x_exti.c...
compiling stm32f10x_flash.c...
compiling stm32f10x_fsmc.c...
assembling startup_stm32f10x_hd.s...
compiling core_cm3.c...
compiling system_stm32f10x.c...
compiling main.c...
compiling stm32f10x_it.c...
compiling BSP_Config.c...
compiling send_DATA.c...
compiling CRC.c...
compiling oled.c...
linking...
Program Size: Code=10236 RO-data=3368 RW-data=72 ZI-data=2632  
FromELF: creating hex file...
".\STM32_OLED.axf" - 0 Errors, 0 Warning(s).
Load "C:\\Users\\me\\Desktop\\OLED客户资料-140509\\程序例程\\STM32_OLED(本店板子测试过)\\MDK-Proj\\STM32_OLED.axf" 
Erase Done.
Programming Done.
Verify OK.
Build target 'STM32_OLED'
assembling startup_stm32f10x_hd.s...
compiling main.c...
linking...
Program Size: Code=10236 RO-data=3368 RW-data=72 ZI-data=2632  
FromELF: creating hex file...
".\STM32_OLED.axf" - 0 Errors, 0 Warning(s).
Rebuild target 'STM32_OLED'
compiling misc.c...
compiling stm32f10x_gpio.c...
compiling stm32f10x_i2c.c...
compiling stm32f10x_iwdg.c...
compiling stm32f10x_pwr.c...
compiling stm32f10x_rcc.c...
compiling stm32f10x_rtc.c...
compiling stm32f10x_sdio.c...
compiling stm32f10x_spi.c...
compiling stm32f10x_tim.c...
compiling stm32f10x_usart.c...
compiling stm32f10x_wwdg.c...
compiling stm32f10x_adc.c...
compiling stm32f10x_bkp.c...
compiling stm32f10x_can.c...
compiling stm32f10x_crc.c...
compiling stm32f10x_dac.c...
compiling stm32f10x_dbgmcu.c...
compiling stm32f10x_dma.c...
compiling stm32f10x_exti.c...
compiling stm32f10x_flash.c...
compiling stm32f10x_fsmc.c...
assembling startup_stm32f10x_hd.s...
compiling core_cm3.c...
compiling system_stm32f10x.c...
compiling main.c...
compiling stm32f10x_it.c...
compiling BSP_Config.c...
compiling send_DATA.c...
compiling CRC.c...
compiling oled.c...
linking...
Program Size: Code=10236 RO-data=3368 RW-data=72 ZI-data=2632  
FromELF: creating hex file...
".\STM32_OLED.axf" - 0 Errors, 0 Warning(s).
Build target 'STM32_OLED'
assembling startup_stm32f10x_hd.s...
compiling main.c...
linking...
Program Size: Code=10236 RO-data=3368 RW-data=72 ZI-data=2632  
FromELF: creating hex file...
".\STM32_OLED.axf" - 0 Errors, 0 Warning(s).
Build target 'STM32_OLED'
assembling startup_stm32f10x_hd.s...
compiling main.c...
linking...
Program Size: Code=10300 RO-data=3368 RW-data=316 ZI-data=1892  
FromELF: creating hex file...
".\STM32_OLED.axf" - 0 Errors, 0 Warning(s).
Build target 'STM32_OLED'
assembling startup_stm32f10x_hd.s...
compiling stm32f10x_it.c...
linking...
Program Size: Code=10300 RO-data=3368 RW-data=316 ZI-data=1892  
FromELF: creating hex file...
".\STM32_OLED.axf" - 0 Errors, 0 Warning(s).
Build target 'STM32_OLED'
assembling startup_stm32f10x_hd.s...
compiling stm32f10x_it.c...
linking...
Program Size: Code=10300 RO-data=3368 RW-data=312 ZI-data=1888  
FromELF: creating hex file...
".\STM32_OLED.axf" - 0 Errors, 0 Warning(s).
Build target 'STM32_OLED'
assembling startup_stm32f10x_hd.s...
compiling stm32f10x_it.c...
..\APP\stm32f10x_it.c(233): error:  #20: identifier "Last_RXD" is undefined
".\STM32_OLED.axf" - 1 Errors, 0 Warning(s).
Target not created
Build target 'STM32_OLED'
assembling startup_stm32f10x_hd.s...
compiling stm32f10x_it.c...
linking...
Program Size: Code=10292 RO-data=3368 RW-data=304 ZI-data=1888  
FromELF: creating hex file...
".\STM32_OLED.axf" - 0 Errors, 0 Warning(s).
Build target 'STM32_OLED'
assembling startup_stm32f10x_hd.s...
compiling main.c...
linking...
Program Size: Code=10304 RO-data=3368 RW-data=304 ZI-data=1888  
FromELF: creating hex file...
".\STM32_OLED.axf" - 0 Errors, 0 Warning(s).
Build target 'STM32_OLED'
assembling startup_stm32f10x_hd.s...
compiling stm32f10x_it.c...
linking...
Program Size: Code=10300 RO-data=3368 RW-data=304 ZI-data=1888  
FromELF: creating hex file...
".\STM32_OLED.axf" - 0 Errors, 0 Warning(s).
Build target 'STM32_OLED'
assembling startup_stm32f10x_hd.s...
linking...
Program Size: Code=10300 RO-data=3368 RW-data=304 ZI-data=1888  
FromELF: creating hex file...
".\STM32_OLED.axf" - 0 Errors, 0 Warning(s).
Build target 'STM32_OLED'
assembling startup_stm32f10x_hd.s...
linking...
Program Size: Code=10300 RO-data=3368 RW-data=304 ZI-data=1888  
FromELF: creating hex file...
".\STM32_OLED.axf" - 0 Errors, 0 Warning(s).
Build target 'STM32_OLED'
assembling startup_stm32f10x_hd.s...
linking...
Program Size: Code=10300 RO-data=3368 RW-data=304 ZI-data=1888  
FromELF: creating hex file...
".\STM32_OLED.axf" - 0 Errors, 0 Warning(s).
Build target 'STM32_OLED'
assembling startup_stm32f10x_hd.s...
linking...
Program Size: Code=10300 RO-data=3368 RW-data=304 ZI-data=1888  
FromELF: creating hex file...
".\STM32_OLED.axf" - 0 Errors, 0 Warning(s).
Build target 'STM32_OLED'
assembling startup_stm32f10x_hd.s...
compiling stm32f10x_it.c...
linking...
Program Size: Code=10300 RO-data=3368 RW-data=304 ZI-data=1888  
FromELF: creating hex file...
".\STM32_OLED.axf" - 0 Errors, 0 Warning(s).
Build target 'STM32_OLED'
assembling startup_stm32f10x_hd.s...
linking...
Program Size: Code=10300 RO-data=3368 RW-data=304 ZI-data=1888  
FromELF: creating hex file...
".\STM32_OLED.axf" - 0 Errors, 0 Warning(s).
Build target 'STM32_OLED'
assembling startup_stm32f10x_hd.s...
compiling stm32f10x_it.c...
..\APP\stm32f10x_it.c(221): error:  #20: identifier "P_RXD" is undefined
..\APP\stm32f10x_it.c(223): error:  #20: identifier "Num_Sprint" is undefined
..\APP\stm32f10x_it.c(228): error:  #20: identifier "RxBuffer" is undefined
".\STM32_OLED.axf" - 3 Errors, 0 Warning(s).
Target not created
Build target 'STM32_OLED'
assembling startup_stm32f10x_hd.s...
compiling stm32f10x_it.c...
linking...
Program Size: Code=10300 RO-data=3368 RW-data=304 ZI-data=1888  
FromELF: creating hex file...
".\STM32_OLED.axf" - 0 Errors, 0 Warning(s).
Build target 'STM32_OLED'
assembling startup_stm32f10x_hd.s...
compiling stm32f10x_it.c...
..\APP\stm32f10x_it.c(218): error:  #20: identifier "Num_Sprint" is undefined
".\STM32_OLED.axf" - 1 Errors, 0 Warning(s).
Target not created
Build target 'STM32_OLED'
assembling startup_stm32f10x_hd.s...
compiling stm32f10x_it.c...
linking...
.\STM32_OLED.axf: Error: L6218E: Undefined symbol Num_RXD (referred from stm32f10x_it.o).
".\STM32_OLED.axf" - 1 Errors, 0 Warning(s).
Target not created
Build target 'STM32_OLED'
assembling startup_stm32f10x_hd.s...
compiling main.c...
linking...
Program Size: Code=10300 RO-data=3368 RW-data=304 ZI-data=1888  
FromELF: creating hex file...
".\STM32_OLED.axf" - 0 Errors, 0 Warning(s).
Build target 'STM32_OLED'
assembling startup_stm32f10x_hd.s...
compiling main.c...
linking...
Program Size: Code=10300 RO-data=3368 RW-data=300 ZI-data=1892  
FromELF: creating hex file...
".\STM32_OLED.axf" - 0 Errors, 0 Warning(s).
Build target 'STM32_OLED'
assembling startup_stm32f10x_hd.s...
compiling main.c...
linking...
Program Size: Code=10300 RO-data=3368 RW-data=300 ZI-data=1892  
FromELF: creating hex file...
".\STM32_OLED.axf" - 0 Errors, 0 Warning(s).
Build target 'STM32_OLED'
assembling startup_stm32f10x_hd.s...
linking...
Program Size: Code=10300 RO-data=3368 RW-data=300 ZI-data=1892  
FromELF: creating hex file...
".\STM32_OLED.axf" - 0 Errors, 0 Warning(s).
Build target 'STM32_OLED'
assembling startup_stm32f10x_hd.s...
compiling main.c...
linking...
Program Size: Code=10300 RO-data=3368 RW-data=300 ZI-data=1892  
FromELF: creating hex file...
".\STM32_OLED.axf" - 0 Errors, 0 Warning(s).
Build target 'STM32_OLED'
assembling startup_stm32f10x_hd.s...
linking...
Program Size: Code=10300 RO-data=3368 RW-data=300 ZI-data=1892  
FromELF: creating hex file...
".\STM32_OLED.axf" - 0 Errors, 0 Warning(s).
Build target 'STM32_OLED'
assembling startup_stm32f10x_hd.s...
linking...
Program Size: Code=10300 RO-data=3368 RW-data=300 ZI-data=1892  
FromELF: creating hex file...
".\STM32_OLED.axf" - 0 Errors, 0 Warning(s).
Rebuild target 'STM32_OLED'
compiling misc.c...
compiling stm32f10x_gpio.c...
compiling stm32f10x_i2c.c...
compiling stm32f10x_iwdg.c...
compiling stm32f10x_pwr.c...
compiling stm32f10x_rcc.c...
compiling stm32f10x_rtc.c...
compiling stm32f10x_sdio.c...
compiling stm32f10x_spi.c...
compiling stm32f10x_tim.c...
compiling stm32f10x_usart.c...
compiling stm32f10x_wwdg.c...
compiling stm32f10x_adc.c...
compiling stm32f10x_bkp.c...
compiling stm32f10x_can.c...
compiling stm32f10x_crc.c...
compiling stm32f10x_dac.c...
compiling stm32f10x_dbgmcu.c...
compiling stm32f10x_dma.c...
compiling stm32f10x_exti.c...
compiling stm32f10x_flash.c...
compiling stm32f10x_fsmc.c...
assembling startup_stm32f10x_hd.s...
compiling core_cm3.c...
compiling system_stm32f10x.c...
compiling main.c...
compiling stm32f10x_it.c...
compiling BSP_Config.c...
compiling send_DATA.c...
compiling CRC.c...
compiling oled.c...
linking...
Program Size: Code=10300 RO-data=3368 RW-data=300 ZI-data=1892  
FromELF: creating hex file...
".\STM32_OLED.axf" - 0 Errors, 0 Warning(s).
Rebuild target 'STM32_OLED'
compiling misc.c...
compiling stm32f10x_gpio.c...
compiling stm32f10x_i2c.c...
compiling stm32f10x_iwdg.c...
compiling stm32f10x_pwr.c...
compiling stm32f10x_rcc.c...
compiling stm32f10x_rtc.c...
compiling stm32f10x_sdio.c...
compiling stm32f10x_spi.c...
compiling stm32f10x_tim.c...
compiling stm32f10x_usart.c...
compiling stm32f10x_wwdg.c...
compiling stm32f10x_adc.c...
compiling stm32f10x_bkp.c...
compiling stm32f10x_can.c...
compiling stm32f10x_crc.c...
compiling stm32f10x_dac.c...
compiling stm32f10x_dbgmcu.c...
compiling stm32f10x_dma.c...
compiling stm32f10x_exti.c...
compiling stm32f10x_flash.c...
compiling stm32f10x_fsmc.c...
assembling startup_stm32f10x_hd.s...
compiling core_cm3.c...
compiling system_stm32f10x.c...
compiling main.c...
compiling stm32f10x_it.c...
compiling BSP_Config.c...
compiling send_DATA.c...
compiling CRC.c...
compiling oled.c...
linking...
Program Size: Code=10300 RO-data=3368 RW-data=300 ZI-data=1892  
FromELF: creating hex file...
".\STM32_OLED.axf" - 0 Errors, 0 Warning(s).
Rebuild target 'STM32_OLED'
compiling misc.c...
compiling stm32f10x_gpio.c...
compiling stm32f10x_i2c.c...
compiling stm32f10x_iwdg.c...
compiling stm32f10x_pwr.c...
compiling stm32f10x_rcc.c...
compiling stm32f10x_rtc.c...
compiling stm32f10x_sdio.c...
compiling stm32f10x_spi.c...
compiling stm32f10x_tim.c...
compiling stm32f10x_usart.c...
compiling stm32f10x_wwdg.c...
compiling stm32f10x_adc.c...
compiling stm32f10x_bkp.c...
compiling stm32f10x_can.c...
compiling stm32f10x_crc.c...
compiling stm32f10x_dac.c...
compiling stm32f10x_dbgmcu.c...
compiling stm32f10x_dma.c...
compiling stm32f10x_exti.c...
compiling stm32f10x_flash.c...
compiling stm32f10x_fsmc.c...
assembling startup_stm32f10x_hd.s...
compiling core_cm3.c...
compiling system_stm32f10x.c...
compiling main.c...
compiling stm32f10x_it.c...
compiling BSP_Config.c...
compiling send_DATA.c...
compiling CRC.c...
compiling oled.c...
linking...
Program Size: Code=10300 RO-data=3368 RW-data=300 ZI-data=1892  
FromELF: creating hex file...
".\STM32_OLED.axf" - 0 Errors, 0 Warning(s).
Build target 'STM32_OLED'
assembling startup_stm32f10x_hd.s...
compiling BSP_Config.c...
linking...
Program Size: Code=10300 RO-data=3368 RW-data=300 ZI-data=1892  
FromELF: creating hex file...
".\STM32_OLED.axf" - 0 Errors, 0 Warning(s).
Build target 'STM32_OLED'
assembling startup_stm32f10x_hd.s...
compiling BSP_Config.c...
linking...
Program Size: Code=10300 RO-data=3368 RW-data=300 ZI-data=1892  
FromELF: creating hex file...
".\STM32_OLED.axf" - 0 Errors, 0 Warning(s).
Rebuild target 'STM32_OLED'
compiling misc.c...
compiling stm32f10x_gpio.c...
compiling stm32f10x_i2c.c...
compiling stm32f10x_iwdg.c...
compiling stm32f10x_pwr.c...
compiling stm32f10x_rcc.c...
compiling stm32f10x_rtc.c...
compiling stm32f10x_sdio.c...
compiling stm32f10x_spi.c...
compiling stm32f10x_tim.c...
compiling stm32f10x_usart.c...
compiling stm32f10x_wwdg.c...
compiling stm32f10x_adc.c...
compiling stm32f10x_bkp.c...
compiling stm32f10x_can.c...
compiling stm32f10x_crc.c...
compiling stm32f10x_dac.c...
compiling stm32f10x_dbgmcu.c...
compiling stm32f10x_dma.c...
compiling stm32f10x_exti.c...
compiling stm32f10x_flash.c...
compiling stm32f10x_fsmc.c...
assembling startup_stm32f10x_hd.s...
compiling core_cm3.c...
compiling system_stm32f10x.c...
compiling main.c...
compiling stm32f10x_it.c...
compiling BSP_Config.c...
compiling send_DATA.c...
compiling CRC.c...
compiling oled.c...
linking...
Program Size: Code=10300 RO-data=3368 RW-data=300 ZI-data=1892  
FromELF: creating hex file...
".\STM32_OLED.axf" - 0 Errors, 0 Warning(s).
Load "C:\\Users\\me\\Desktop\\OLED客户资料-140509\\程序例程\\STM32_OLED(本店板子测试过)\\MDK-Proj\\STM32_OLED.axf" 
Erase Done.
Programming Done.
Verify OK.
Load "C:\\Users\\me\\Desktop\\OLED客户资料-140509\\程序例程\\STM32_OLED(本店板子测试过)\\MDK-Proj\\STM32_OLED.axf" 
Erase Done.
Programming Done.
Verify OK.
Build target 'STM32_OLED'
compiling misc.c...
compiling stm32f10x_gpio.c...
compiling stm32f10x_i2c.c...
compiling stm32f10x_iwdg.c...
compiling stm32f10x_pwr.c...
compiling stm32f10x_rcc.c...
compiling stm32f10x_rtc.c...
compiling stm32f10x_sdio.c...
compiling stm32f10x_spi.c...
compiling stm32f10x_tim.c...
compiling stm32f10x_usart.c...
compiling stm32f10x_wwdg.c...
compiling stm32f10x_adc.c...
compiling stm32f10x_bkp.c...
compiling stm32f10x_can.c...
compiling stm32f10x_crc.c...
compiling stm32f10x_dac.c...
compiling stm32f10x_dbgmcu.c...
compiling stm32f10x_dma.c...
compiling stm32f10x_exti.c...
compiling stm32f10x_flash.c...
compiling stm32f10x_fsmc.c...
assembling startup_stm32f10x_hd.s...
compiling system_stm32f10x.c...
compiling main.c...
compiling stm32f10x_it.c...
compiling BSP_Config.c...
compiling send_DATA.c...
compiling oled.c...
linking...
Program Size: Code=10300 RO-data=3368 RW-data=300 ZI-data=1892  
FromELF: creating hex file...
".\STM32_OLED.axf" - 0 Errors, 0 Warning(s).
Build target 'STM32_OLED'
compiling misc.c...
compiling stm32f10x_gpio.c...
compiling stm32f10x_i2c.c...
compiling stm32f10x_iwdg.c...
compiling stm32f10x_pwr.c...
compiling stm32f10x_rcc.c...
compiling stm32f10x_rtc.c...
compiling stm32f10x_sdio.c...
compiling stm32f10x_spi.c...
compiling stm32f10x_tim.c...
compiling stm32f10x_usart.c...
compiling stm32f10x_wwdg.c...
compiling stm32f10x_adc.c...
compiling stm32f10x_bkp.c...
compiling stm32f10x_can.c...
compiling stm32f10x_crc.c...
compiling stm32f10x_dac.c...
compiling stm32f10x_dbgmcu.c...
compiling stm32f10x_dma.c...
compiling stm32f10x_exti.c...
compiling stm32f10x_flash.c...
compiling stm32f10x_fsmc.c...
assembling startup_stm32f10x_hd.s...
compiling system_stm32f10x.c...
compiling main.c...
..\APP\main.c(83): warning:  #223-D: function "SysTick_init" declared implicitly
..\APP\main.c(118): warning:  #223-D: function "delay_ms" declared implicitly
compiling stm32f10x_it.c...
..\APP\stm32f10x_it.c(147): warning:  #223-D: function "TimingDelay_Decrement" declared implicitly
compiling BSP_Config.c...
..\APP\BSP_Config.c(313): warning:  #223-D: function "SPI_FLASH_CS_HIGH" declared implicitly
..\APP\BSP_Config.c(330): warning:  #223-D: function "SPI_FLASH_CS_LOW" declared implicitly
compiling send_DATA.c...
compiling oled.c...
linking...
.\STM32_OLED.axf: Error: L6218E: Undefined symbol SPI_FLASH_CS_HIGH (referred from bsp_config.o).
.\STM32_OLED.axf: Error: L6218E: Undefined symbol SPI_FLASH_CS_LOW (referred from bsp_config.o).
".\STM32_OLED.axf" - 2 Errors, 5 Warning(s).
Target not created
Build target 'STM32_OLED'
assembling startup_stm32f10x_hd.s...
compiling BSP_Config.c...
linking...
Program Size: Code=10284 RO-data=3368 RW-data=300 ZI-data=1892  
FromELF: creating hex file...
".\STM32_OLED.axf" - 0 Errors, 0 Warning(s).
Rebuild target 'STM32_OLED'
compiling misc.c...
compiling stm32f10x_gpio.c...
compiling stm32f10x_i2c.c...
compiling stm32f10x_iwdg.c...
compiling stm32f10x_pwr.c...
compiling stm32f10x_rcc.c...
compiling stm32f10x_rtc.c...
compiling stm32f10x_sdio.c...
compiling stm32f10x_spi.c...
compiling stm32f10x_tim.c...
compiling stm32f10x_usart.c...
compiling stm32f10x_wwdg.c...
compiling stm32f10x_adc.c...
compiling stm32f10x_bkp.c...
compiling stm32f10x_can.c...
compiling stm32f10x_crc.c...
compiling stm32f10x_dac.c...
compiling stm32f10x_dbgmcu.c...
compiling stm32f10x_dma.c...
compiling stm32f10x_exti.c...
compiling stm32f10x_flash.c...
compiling stm32f10x_fsmc.c...
assembling startup_stm32f10x_hd.s...
compiling core_cm3.c...
compiling system_stm32f10x.c...
compiling main.c...
..\APP\main.c(83): warning:  #223-D: function "SysTick_init" declared implicitly
..\APP\main.c(118): warning:  #223-D: function "delay_ms" declared implicitly
compiling stm32f10x_it.c...
..\APP\stm32f10x_it.c(147): warning:  #223-D: function "TimingDelay_Decrement" declared implicitly
compiling BSP_Config.c...
compiling send_DATA.c...
compiling CRC.c...
compiling oled.c...
linking...
Program Size: Code=10284 RO-data=3368 RW-data=300 ZI-data=1892  
FromELF: creating hex file...
".\STM32_OLED.axf" - 0 Errors, 3 Warning(s).
Rebuild target 'STM32_OLED'
compiling misc.c...
compiling stm32f10x_gpio.c...
compiling stm32f10x_i2c.c...
compiling stm32f10x_iwdg.c...
compiling stm32f10x_pwr.c...
compiling stm32f10x_rcc.c...
compiling stm32f10x_rtc.c...
compiling stm32f10x_sdio.c...
compiling stm32f10x_spi.c...
compiling stm32f10x_tim.c...
compiling stm32f10x_usart.c...
compiling stm32f10x_wwdg.c...
compiling stm32f10x_adc.c...
compiling stm32f10x_bkp.c...
compiling stm32f10x_can.c...
compiling stm32f10x_crc.c...
compiling stm32f10x_dac.c...
compiling stm32f10x_dbgmcu.c...
compiling stm32f10x_dma.c...
compiling stm32f10x_exti.c...
compiling stm32f10x_flash.c...
compiling stm32f10x_fsmc.c...
assembling startup_stm32f10x_hd.s...
compiling core_cm3.c...
compiling system_stm32f10x.c...
compiling main.c...
compiling stm32f10x_it.c...
compiling BSP_Config.c...
compiling send_DATA.c...
compiling CRC.c...
compiling oled.c...
linking...
Program Size: Code=10284 RO-data=3368 RW-data=300 ZI-data=1892  
FromELF: creating hex file...
".\STM32_OLED.axf" - 0 Errors, 0 Warning(s).
Rebuild target 'STM32_OLED'
compiling misc.c...
compiling stm32f10x_gpio.c...
compiling stm32f10x_i2c.c...
compiling stm32f10x_iwdg.c...
compiling stm32f10x_pwr.c...
compiling stm32f10x_rcc.c...
compiling stm32f10x_rtc.c...
compiling stm32f10x_sdio.c...
compiling stm32f10x_spi.c...
compiling stm32f10x_tim.c...
compiling stm32f10x_usart.c...
compiling stm32f10x_wwdg.c...
compiling stm32f10x_adc.c...
compiling stm32f10x_bkp.c...
compiling stm32f10x_can.c...
compiling stm32f10x_crc.c...
compiling stm32f10x_dac.c...
compiling stm32f10x_dbgmcu.c...
compiling stm32f10x_dma.c...
compiling stm32f10x_exti.c...
compiling stm32f10x_flash.c...
compiling stm32f10x_fsmc.c...
assembling startup_stm32f10x_hd.s...
compiling core_cm3.c...
compiling system_stm32f10x.c...
compiling main.c...
compiling stm32f10x_it.c...
compiling BSP_Config.c...
compiling send_DATA.c...
compiling CRC.c...
compiling oled.c...
linking...
Program Size: Code=10284 RO-data=3368 RW-data=300 ZI-data=1892  
FromELF: creating hex file...
".\STM32_OLED.axf" - 0 Errors, 0 Warning(s).
Load "C:\\Users\\me\\Desktop\\OLED客户资料-140509\\程序例程\\STM32_OLED(本店板子测试过)\\MDK-Proj\\STM32_OLED.axf" 
Erase Done.
Programming Done.
Verify OK.
Rebuild target 'STM32_OLED'
compiling misc.c...
compiling stm32f10x_gpio.c...
compiling stm32f10x_i2c.c...
compiling stm32f10x_iwdg.c...
compiling stm32f10x_pwr.c...
compiling stm32f10x_rcc.c...
compiling stm32f10x_rtc.c...
compiling stm32f10x_sdio.c...
compiling stm32f10x_spi.c...
compiling stm32f10x_tim.c...
compiling stm32f10x_usart.c...
compiling stm32f10x_wwdg.c...
compiling stm32f10x_adc.c...
compiling stm32f10x_bkp.c...
compiling stm32f10x_can.c...
compiling stm32f10x_crc.c...
compiling stm32f10x_dac.c...
compiling stm32f10x_dbgmcu.c...
compiling stm32f10x_dma.c...
compiling stm32f10x_exti.c...
compiling stm32f10x_flash.c...
compiling stm32f10x_fsmc.c...
assembling startup_stm32f10x_hd.s...
compiling core_cm3.c...
compiling system_stm32f10x.c...
compiling main.c...
compiling stm32f10x_it.c...
compiling BSP_Config.c...
compiling send_DATA.c...
compiling CRC.c...
compiling oled.c...
linking...
Program Size: Code=10284 RO-data=3368 RW-data=300 ZI-data=1892  
FromELF: creating hex file...
".\STM32_OLED.axf" - 0 Errors, 0 Warning(s).
Load "C:\\Users\\me\\Desktop\\OLED客户资料-140509\\程序例程\\STM32_OLED(本店板子测试过)\\MDK-Proj\\STM32_OLED.axf" 
Erase Done.
Programming Done.
Verify OK.
