<html>
<body>
<pre>
<h1>µVision Build Log</h1>
<h2>Tool Versions:</h2>
IDE-Version: ¦ÌVision V5.14.0.0
Copyright (C) 2015 ARM Ltd and ARM Germany GmbH. All rights reserved.
License Information: Neolux Lee, Neoluxso, LIC=PE7DL-06TBT-EVG1R-KEKA0-FE8B8-V5HFT
 
Tool Versions:
Toolchain:       MDK-ARM Standard  Version: 5.14.0.0
Toolchain Path:  D:\Keil_v5\ARM\ARMCC\Bin
C Compiler:      Armcc.exe V5.05 update 1 (build 106)
Assembler:       Armasm.exe V5.05 update 1 (build 106)
Linker/Locator:  ArmLink.exe V5.05 update 1 (build 106)
Library Manager: ArmAr.exe V5.05 update 1 (build 106)
Hex Converter:   FromElf.exe V5.05 update 1 (build 106)
CPU DLL:         SARMCM3.DLL V5.14.0.0
Dialog DLL:      DCM.DLL V1.13.1.0
Target DLL:      STLink\ST-LINKIII-KEIL_SWO.dll V2.0.14.0_KEIL
Dialog DLL:      TCM.DLL V1.14.4.0
 
<h2>Project:</h2>
E:\Administrator\OneDrive - likangfeng\Programming\STM32_Hanja\PID\Testing\Finale\MDK-Proj\STM32_OLED.uvproj
Project File Date:  03/23/2023

<h2>Output:</h2>
Build target 'STM32_OLED'
assembling startup_stm32f10x_hd.s...
compiling main.c...
linking...
Program Size: Code=11868 RO-data=3432 RW-data=304 ZI-data=1792  
FromELF: creating hex file...
".\STM32_OLED.axf" - 0 Error(s), 0 Warning(s).
</pre>
</body>
</html>
