18:29:27 **** Incremental Build of configuration Debug for project HAL_LEARN ****
make -j12 all 
arm-none-eabi-gcc "../Core/Src/tim.c" -mcpu=cortex-m3 -std=gnu11 -g3 -DDEBUG -DUSE_HAL_DRIVER -DSTM32F103xE -c -I../Core/Inc -I../Drivers/STM32F1xx_HAL_Driver/Inc/Legacy -I../Drivers/STM32F1xx_HAL_Driver/Inc -I../Drivers/CMSIS/Device/ST/STM32F1xx/Include -I../Drivers/CMSIS/Include -O0 -ffunction-sections -fdata-sections -Wall -fstack-usage -MMD -MP -MF"Core/Src/tim.d" -MT"Core/Src/tim.o" --specs=nano.specs -mfloat-abi=soft -mthumb -o "Core/Src/tim.o"
arm-none-eabi-gcc -o "HAL_LEARN.elf" @"objects.list"   -mcpu=cortex-m3 -T"E:\LearningProjects\STM32\HAL_LEARN\STM32F103RCTX_FLASH.ld" --specs=nosys.specs -Wl,-Map="HAL_LEARN.map" -Wl,--gc-sections -static --specs=nano.specs -mfloat-abi=soft -mthumb -Wl,--start-group -lc -lm -Wl,--end-group
Finished building target: HAL_LEARN.elf
 
arm-none-eabi-size   HAL_LEARN.elf 
arm-none-eabi-objdump -h -S  HAL_LEARN.elf  > "HAL_LEARN.list"
   text	   data	    bss	    dec	    hex	filename
   6352	     20	   1644	   8016	   1f50	HAL_LEARN.elf
Finished building: default.size.stdout
 
Finished building: HAL_LEARN.list
 
18:29:30 **** Incremental Build of configuration Debug for project HAL_LEARN ****
make -j12 all 
arm-none-eabi-size   HAL_LEARN.elf 
   text	   data	    bss	    dec	    hex	filename
   6352	     20	   1644	   8016	   1f50	HAL_LEARN.elf
Finished building: default.size.stdout
 
18:30:47 **** Incremental Build of configuration Debug for project HAL_LEARN ****
make -j12 all 
arm-none-eabi-size   HAL_LEARN.elf 
   text	   data	    bss	    dec	    hex	filename
   6352	     20	   1644	   8016	   1f50	HAL_LEARN.elf
Finished building: default.size.stdout
 
